17:37:40 **** Clean-only build of configuration Debug for project STM32L452_ir_hcsr_ntc ****
make -j4 clean 
rm -rf *
 
17:37:44 **** Incremental Build of configuration Debug for project STM32L452RE_RADAR ****
make -j4 all 
arm-none-eabi-size   STM32L452RE_RADAR.elf 
   text	   data	    bss	    dec	    hex	filename
  38500	    144	   8008	  46652	   b63c	STM32L452RE_RADAR.elf
Finished building: default.size.stdout
 
17:37:47 **** Incremental Build of configuration Debug for project STM32L452RE_UNIT1 ****
make -j4 all 
arm-none-eabi-size   STM32L452RE_UNIT1.elf 
   text	   data	    bss	    dec	    hex	filename
   8436	     20	   1636	  10092	   276c	STM32L452RE_UNIT1.elf
Finished building: default.size.stdout
 
17:37:49 **** Build of configuration Debug for project STM32L452_OLED_ENCODER_MOTOR ****
make -j4 all 
arm-none-eabi-size   STM32L452_OLED_ENCODER_MOTOR.elf 
   text	   data	    bss	    dec	    hex	filename
  27196	    128	   3040	  30364	   769c	STM32L452_OLED_ENCODER_MOTOR.elf
Finished building: default.size.stdout
 
17:37:52 **** Clean-only build of configuration Debug for project STM32L452_ir_hcsr_ntc ****
make -j4 clean 
make: *** No rule to make target 'clean'.  Stop.
"make -j4 clean" terminated with exit code 2. Build might be incomplete.
17:37:52 **** Build of configuration Debug for project STM32L452_ir_hcsr_ntc ****
make -j4 all 
arm-none-eabi-gcc "../Drivers/STM32L4xx_HAL_Driver/Src/stm32l4xx_hal.c" -mcpu=cortex-m4 -std=gnu11 -g3 -DUSE_HAL_DRIVER -DSTM32L452xx -DDEBUG -c -I../Drivers/CMSIS/Include -I../Core/Inc -I../Drivers/CMSIS/Device/ST/STM32L4xx/Include -I../Drivers/STM32L4xx_HAL_Driver/Inc -I../Drivers/STM32L4xx_HAL_Driver/Inc/Legacy -O0 -ffunction-sections -fdata-sections -Wall -fstack-usage -MMD -MP -MF"Drivers/STM32L4xx_HAL_Driver/Src/stm32l4xx_hal.d" -MT"Drivers/STM32L4xx_HAL_Driver/Src/stm32l4xx_hal.o" --specs=nano.specs -mfpu=fpv4-sp-d16 -mfloat-abi=hard -mthumb -o "Drivers/STM32L4xx_HAL_Driver/Src/stm32l4xx_hal.o"
arm-none-eabi-gcc "../Drivers/STM32L4xx_HAL_Driver/Src/stm32l4xx_hal_adc.c" -mcpu=cortex-m4 -std=gnu11 -g3 -DUSE_HAL_DRIVER -DSTM32L452xx -DDEBUG -c -I../Drivers/CMSIS/Include -I../Core/Inc -I../Drivers/CMSIS/Device/ST/STM32L4xx/Include -I../Drivers/STM32L4xx_HAL_Driver/Inc -I../Drivers/STM32L4xx_HAL_Driver/Inc/Legacy -O0 -ffunction-sections -fdata-sections -Wall -fstack-usage -MMD -MP -MF"Drivers/STM32L4xx_HAL_Driver/Src/stm32l4xx_hal_adc.d" -MT"Drivers/STM32L4xx_HAL_Driver/Src/stm32l4xx_hal_adc.o" --specs=nano.specs -mfpu=fpv4-sp-d16 -mfloat-abi=hard -mthumb -o "Drivers/STM32L4xx_HAL_Driver/Src/stm32l4xx_hal_adc.o"
arm-none-eabi-gcc "../Drivers/STM32L4xx_HAL_Driver/Src/stm32l4xx_hal_adc_ex.c" -mcpu=cortex-m4 -std=gnu11 -g3 -DUSE_HAL_DRIVER -DSTM32L452xx -DDEBUG -c -I../Drivers/CMSIS/Include -I../Core/Inc -I../Drivers/CMSIS/Device/ST/STM32L4xx/Include -I../Drivers/STM32L4xx_HAL_Driver/Inc -I../Drivers/STM32L4xx_HAL_Driver/Inc/Legacy -O0 -ffunction-sections -fdata-sections -Wall -fstack-usage -MMD -MP -MF"Drivers/STM32L4xx_HAL_Driver/Src/stm32l4xx_hal_adc_ex.d" -MT"Drivers/STM32L4xx_HAL_Driver/Src/stm32l4xx_hal_adc_ex.o" --specs=nano.specs -mfpu=fpv4-sp-d16 -mfloat-abi=hard -mthumb -o "Drivers/STM32L4xx_HAL_Driver/Src/stm32l4xx_hal_adc_ex.o"
arm-none-eabi-gcc "../Drivers/STM32L4xx_HAL_Driver/Src/stm32l4xx_hal_cortex.c" -mcpu=cortex-m4 -std=gnu11 -g3 -DUSE_HAL_DRIVER -DSTM32L452xx -DDEBUG -c -I../Drivers/CMSIS/Include -I../Core/Inc -I../Drivers/CMSIS/Device/ST/STM32L4xx/Include -I../Drivers/STM32L4xx_HAL_Driver/Inc -I../Drivers/STM32L4xx_HAL_Driver/Inc/Legacy -O0 -ffunction-sections -fdata-sections -Wall -fstack-usage -MMD -MP -MF"Drivers/STM32L4xx_HAL_Driver/Src/stm32l4xx_hal_cortex.d" -MT"Drivers/STM32L4xx_HAL_Driver/Src/stm32l4xx_hal_cortex.o" --specs=nano.specs -mfpu=fpv4-sp-d16 -mfloat-abi=hard -mthumb -o "Drivers/STM32L4xx_HAL_Driver/Src/stm32l4xx_hal_cortex.o"
arm-none-eabi-gcc "../Drivers/STM32L4xx_HAL_Driver/Src/stm32l4xx_hal_dma.c" -mcpu=cortex-m4 -std=gnu11 -g3 -DUSE_HAL_DRIVER -DSTM32L452xx -DDEBUG -c -I../Drivers/CMSIS/Include -I../Core/Inc -I../Drivers/CMSIS/Device/ST/STM32L4xx/Include -I../Drivers/STM32L4xx_HAL_Driver/Inc -I../Drivers/STM32L4xx_HAL_Driver/Inc/Legacy -O0 -ffunction-sections -fdata-sections -Wall -fstack-usage -MMD -MP -MF"Drivers/STM32L4xx_HAL_Driver/Src/stm32l4xx_hal_dma.d" -MT"Drivers/STM32L4xx_HAL_Driver/Src/stm32l4xx_hal_dma.o" --specs=nano.specs -mfpu=fpv4-sp-d16 -mfloat-abi=hard -mthumb -o "Drivers/STM32L4xx_HAL_Driver/Src/stm32l4xx_hal_dma.o"
arm-none-eabi-gcc "../Drivers/STM32L4xx_HAL_Driver/Src/stm32l4xx_hal_dma_ex.c" -mcpu=cortex-m4 -std=gnu11 -g3 -DUSE_HAL_DRIVER -DSTM32L452xx -DDEBUG -c -I../Drivers/CMSIS/Include -I../Core/Inc -I../Drivers/CMSIS/Device/ST/STM32L4xx/Include -I../Drivers/STM32L4xx_HAL_Driver/Inc -I../Drivers/STM32L4xx_HAL_Driver/Inc/Legacy -O0 -ffunction-sections -fdata-sections -Wall -fstack-usage -MMD -MP -MF"Drivers/STM32L4xx_HAL_Driver/Src/stm32l4xx_hal_dma_ex.d" -MT"Drivers/STM32L4xx_HAL_Driver/Src/stm32l4xx_hal_dma_ex.o" --specs=nano.specs -mfpu=fpv4-sp-d16 -mfloat-abi=hard -mthumb -o "Drivers/STM32L4xx_HAL_Driver/Src/stm32l4xx_hal_dma_ex.o"
arm-none-eabi-gcc "../Drivers/STM32L4xx_HAL_Driver/Src/stm32l4xx_hal_exti.c" -mcpu=cortex-m4 -std=gnu11 -g3 -DUSE_HAL_DRIVER -DSTM32L452xx -DDEBUG -c -I../Drivers/CMSIS/Include -I../Core/Inc -I../Drivers/CMSIS/Device/ST/STM32L4xx/Include -I../Drivers/STM32L4xx_HAL_Driver/Inc -I../Drivers/STM32L4xx_HAL_Driver/Inc/Legacy -O0 -ffunction-sections -fdata-sections -Wall -fstack-usage -MMD -MP -MF"Drivers/STM32L4xx_HAL_Driver/Src/stm32l4xx_hal_exti.d" -MT"Drivers/STM32L4xx_HAL_Driver/Src/stm32l4xx_hal_exti.o" --specs=nano.specs -mfpu=fpv4-sp-d16 -mfloat-abi=hard -mthumb -o "Drivers/STM32L4xx_HAL_Driver/Src/stm32l4xx_hal_exti.o"
arm-none-eabi-gcc "../Drivers/STM32L4xx_HAL_Driver/Src/stm32l4xx_hal_flash.c" -mcpu=cortex-m4 -std=gnu11 -g3 -DUSE_HAL_DRIVER -DSTM32L452xx -DDEBUG -c -I../Drivers/CMSIS/Include -I../Core/Inc -I../Drivers/CMSIS/Device/ST/STM32L4xx/Include -I../Drivers/STM32L4xx_HAL_Driver/Inc -I../Drivers/STM32L4xx_HAL_Driver/Inc/Legacy -O0 -ffunction-sections -fdata-sections -Wall -fstack-usage -MMD -MP -MF"Drivers/STM32L4xx_HAL_Driver/Src/stm32l4xx_hal_flash.d" -MT"Drivers/STM32L4xx_HAL_Driver/Src/stm32l4xx_hal_flash.o" --specs=nano.specs -mfpu=fpv4-sp-d16 -mfloat-abi=hard -mthumb -o "Drivers/STM32L4xx_HAL_Driver/Src/stm32l4xx_hal_flash.o"
arm-none-eabi-gcc "../Drivers/STM32L4xx_HAL_Driver/Src/stm32l4xx_hal_flash_ex.c" -mcpu=cortex-m4 -std=gnu11 -g3 -DUSE_HAL_DRIVER -DSTM32L452xx -DDEBUG -c -I../Drivers/CMSIS/Include -I../Core/Inc -I../Drivers/CMSIS/Device/ST/STM32L4xx/Include -I../Drivers/STM32L4xx_HAL_Driver/Inc -I../Drivers/STM32L4xx_HAL_Driver/Inc/Legacy -O0 -ffunction-sections -fdata-sections -Wall -fstack-usage -MMD -MP -MF"Drivers/STM32L4xx_HAL_Driver/Src/stm32l4xx_hal_flash_ex.d" -MT"Drivers/STM32L4xx_HAL_Driver/Src/stm32l4xx_hal_flash_ex.o" --specs=nano.specs -mfpu=fpv4-sp-d16 -mfloat-abi=hard -mthumb -o "Drivers/STM32L4xx_HAL_Driver/Src/stm32l4xx_hal_flash_ex.o"
arm-none-eabi-gcc "../Drivers/STM32L4xx_HAL_Driver/Src/stm32l4xx_hal_flash_ramfunc.c" -mcpu=cortex-m4 -std=gnu11 -g3 -DUSE_HAL_DRIVER -DSTM32L452xx -DDEBUG -c -I../Drivers/CMSIS/Include -I../Core/Inc -I../Drivers/CMSIS/Device/ST/STM32L4xx/Include -I../Drivers/STM32L4xx_HAL_Driver/Inc -I../Drivers/STM32L4xx_HAL_Driver/Inc/Legacy -O0 -ffunction-sections -fdata-sections -Wall -fstack-usage -MMD -MP -MF"Drivers/STM32L4xx_HAL_Driver/Src/stm32l4xx_hal_flash_ramfunc.d" -MT"Drivers/STM32L4xx_HAL_Driver/Src/stm32l4xx_hal_flash_ramfunc.o" --specs=nano.specs -mfpu=fpv4-sp-d16 -mfloat-abi=hard -mthumb -o "Drivers/STM32L4xx_HAL_Driver/Src/stm32l4xx_hal_flash_ramfunc.o"
arm-none-eabi-gcc "../Drivers/STM32L4xx_HAL_Driver/Src/stm32l4xx_hal_gpio.c" -mcpu=cortex-m4 -std=gnu11 -g3 -DUSE_HAL_DRIVER -DSTM32L452xx -DDEBUG -c -I../Drivers/CMSIS/Include -I../Core/Inc -I../Drivers/CMSIS/Device/ST/STM32L4xx/Include -I../Drivers/STM32L4xx_HAL_Driver/Inc -I../Drivers/STM32L4xx_HAL_Driver/Inc/Legacy -O0 -ffunction-sections -fdata-sections -Wall -fstack-usage -MMD -MP -MF"Drivers/STM32L4xx_HAL_Driver/Src/stm32l4xx_hal_gpio.d" -MT"Drivers/STM32L4xx_HAL_Driver/Src/stm32l4xx_hal_gpio.o" --specs=nano.specs -mfpu=fpv4-sp-d16 -mfloat-abi=hard -mthumb -o "Drivers/STM32L4xx_HAL_Driver/Src/stm32l4xx_hal_gpio.o"
arm-none-eabi-gcc "../Drivers/STM32L4xx_HAL_Driver/Src/stm32l4xx_hal_i2c.c" -mcpu=cortex-m4 -std=gnu11 -g3 -DUSE_HAL_DRIVER -DSTM32L452xx -DDEBUG -c -I../Drivers/CMSIS/Include -I../Core/Inc -I../Drivers/CMSIS/Device/ST/STM32L4xx/Include -I../Drivers/STM32L4xx_HAL_Driver/Inc -I../Drivers/STM32L4xx_HAL_Driver/Inc/Legacy -O0 -ffunction-sections -fdata-sections -Wall -fstack-usage -MMD -MP -MF"Drivers/STM32L4xx_HAL_Driver/Src/stm32l4xx_hal_i2c.d" -MT"Drivers/STM32L4xx_HAL_Driver/Src/stm32l4xx_hal_i2c.o" --specs=nano.specs -mfpu=fpv4-sp-d16 -mfloat-abi=hard -mthumb -o "Drivers/STM32L4xx_HAL_Driver/Src/stm32l4xx_hal_i2c.o"
arm-none-eabi-gcc "../Drivers/STM32L4xx_HAL_Driver/Src/stm32l4xx_hal_i2c_ex.c" -mcpu=cortex-m4 -std=gnu11 -g3 -DUSE_HAL_DRIVER -DSTM32L452xx -DDEBUG -c -I../Drivers/CMSIS/Include -I../Core/Inc -I../Drivers/CMSIS/Device/ST/STM32L4xx/Include -I../Drivers/STM32L4xx_HAL_Driver/Inc -I../Drivers/STM32L4xx_HAL_Driver/Inc/Legacy -O0 -ffunction-sections -fdata-sections -Wall -fstack-usage -MMD -MP -MF"Drivers/STM32L4xx_HAL_Driver/Src/stm32l4xx_hal_i2c_ex.d" -MT"Drivers/STM32L4xx_HAL_Driver/Src/stm32l4xx_hal_i2c_ex.o" --specs=nano.specs -mfpu=fpv4-sp-d16 -mfloat-abi=hard -mthumb -o "Drivers/STM32L4xx_HAL_Driver/Src/stm32l4xx_hal_i2c_ex.o"
arm-none-eabi-gcc "../Drivers/STM32L4xx_HAL_Driver/Src/stm32l4xx_hal_pwr.c" -mcpu=cortex-m4 -std=gnu11 -g3 -DUSE_HAL_DRIVER -DSTM32L452xx -DDEBUG -c -I../Drivers/CMSIS/Include -I../Core/Inc -I../Drivers/CMSIS/Device/ST/STM32L4xx/Include -I../Drivers/STM32L4xx_HAL_Driver/Inc -I../Drivers/STM32L4xx_HAL_Driver/Inc/Legacy -O0 -ffunction-sections -fdata-sections -Wall -fstack-usage -MMD -MP -MF"Drivers/STM32L4xx_HAL_Driver/Src/stm32l4xx_hal_pwr.d" -MT"Drivers/STM32L4xx_HAL_Driver/Src/stm32l4xx_hal_pwr.o" --specs=nano.specs -mfpu=fpv4-sp-d16 -mfloat-abi=hard -mthumb -o "Drivers/STM32L4xx_HAL_Driver/Src/stm32l4xx_hal_pwr.o"
arm-none-eabi-gcc "../Drivers/STM32L4xx_HAL_Driver/Src/stm32l4xx_hal_pwr_ex.c" -mcpu=cortex-m4 -std=gnu11 -g3 -DUSE_HAL_DRIVER -DSTM32L452xx -DDEBUG -c -I../Drivers/CMSIS/Include -I../Core/Inc -I../Drivers/CMSIS/Device/ST/STM32L4xx/Include -I../Drivers/STM32L4xx_HAL_Driver/Inc -I../Drivers/STM32L4xx_HAL_Driver/Inc/Legacy -O0 -ffunction-sections -fdata-sections -Wall -fstack-usage -MMD -MP -MF"Drivers/STM32L4xx_HAL_Driver/Src/stm32l4xx_hal_pwr_ex.d" -MT"Drivers/STM32L4xx_HAL_Driver/Src/stm32l4xx_hal_pwr_ex.o" --specs=nano.specs -mfpu=fpv4-sp-d16 -mfloat-abi=hard -mthumb -o "Drivers/STM32L4xx_HAL_Driver/Src/stm32l4xx_hal_pwr_ex.o"
arm-none-eabi-gcc "../Drivers/STM32L4xx_HAL_Driver/Src/stm32l4xx_hal_rcc.c" -mcpu=cortex-m4 -std=gnu11 -g3 -DUSE_HAL_DRIVER -DSTM32L452xx -DDEBUG -c -I../Drivers/CMSIS/Include -I../Core/Inc -I../Drivers/CMSIS/Device/ST/STM32L4xx/Include -I../Drivers/STM32L4xx_HAL_Driver/Inc -I../Drivers/STM32L4xx_HAL_Driver/Inc/Legacy -O0 -ffunction-sections -fdata-sections -Wall -fstack-usage -MMD -MP -MF"Drivers/STM32L4xx_HAL_Driver/Src/stm32l4xx_hal_rcc.d" -MT"Drivers/STM32L4xx_HAL_Driver/Src/stm32l4xx_hal_rcc.o" --specs=nano.specs -mfpu=fpv4-sp-d16 -mfloat-abi=hard -mthumb -o "Drivers/STM32L4xx_HAL_Driver/Src/stm32l4xx_hal_rcc.o"
arm-none-eabi-gcc "../Drivers/STM32L4xx_HAL_Driver/Src/stm32l4xx_hal_rcc_ex.c" -mcpu=cortex-m4 -std=gnu11 -g3 -DUSE_HAL_DRIVER -DSTM32L452xx -DDEBUG -c -I../Drivers/CMSIS/Include -I../Core/Inc -I../Drivers/CMSIS/Device/ST/STM32L4xx/Include -I../Drivers/STM32L4xx_HAL_Driver/Inc -I../Drivers/STM32L4xx_HAL_Driver/Inc/Legacy -O0 -ffunction-sections -fdata-sections -Wall -fstack-usage -MMD -MP -MF"Drivers/STM32L4xx_HAL_Driver/Src/stm32l4xx_hal_rcc_ex.d" -MT"Drivers/STM32L4xx_HAL_Driver/Src/stm32l4xx_hal_rcc_ex.o" --specs=nano.specs -mfpu=fpv4-sp-d16 -mfloat-abi=hard -mthumb -o "Drivers/STM32L4xx_HAL_Driver/Src/stm32l4xx_hal_rcc_ex.o"
arm-none-eabi-gcc "../Drivers/STM32L4xx_HAL_Driver/Src/stm32l4xx_hal_tim.c" -mcpu=cortex-m4 -std=gnu11 -g3 -DUSE_HAL_DRIVER -DSTM32L452xx -DDEBUG -c -I../Drivers/CMSIS/Include -I../Core/Inc -I../Drivers/CMSIS/Device/ST/STM32L4xx/Include -I../Drivers/STM32L4xx_HAL_Driver/Inc -I../Drivers/STM32L4xx_HAL_Driver/Inc/Legacy -O0 -ffunction-sections -fdata-sections -Wall -fstack-usage -MMD -MP -MF"Drivers/STM32L4xx_HAL_Driver/Src/stm32l4xx_hal_tim.d" -MT"Drivers/STM32L4xx_HAL_Driver/Src/stm32l4xx_hal_tim.o" --specs=nano.specs -mfpu=fpv4-sp-d16 -mfloat-abi=hard -mthumb -o "Drivers/STM32L4xx_HAL_Driver/Src/stm32l4xx_hal_tim.o"
arm-none-eabi-gcc "../Drivers/STM32L4xx_HAL_Driver/Src/stm32l4xx_hal_tim_ex.c" -mcpu=cortex-m4 -std=gnu11 -g3 -DUSE_HAL_DRIVER -DSTM32L452xx -DDEBUG -c -I../Drivers/CMSIS/Include -I../Core/Inc -I../Drivers/CMSIS/Device/ST/STM32L4xx/Include -I../Drivers/STM32L4xx_HAL_Driver/Inc -I../Drivers/STM32L4xx_HAL_Driver/Inc/Legacy -O0 -ffunction-sections -fdata-sections -Wall -fstack-usage -MMD -MP -MF"Drivers/STM32L4xx_HAL_Driver/Src/stm32l4xx_hal_tim_ex.d" -MT"Drivers/STM32L4xx_HAL_Driver/Src/stm32l4xx_hal_tim_ex.o" --specs=nano.specs -mfpu=fpv4-sp-d16 -mfloat-abi=hard -mthumb -o "Drivers/STM32L4xx_HAL_Driver/Src/stm32l4xx_hal_tim_ex.o"
arm-none-eabi-gcc "../Drivers/STM32L4xx_HAL_Driver/Src/stm32l4xx_hal_uart.c" -mcpu=cortex-m4 -std=gnu11 -g3 -DUSE_HAL_DRIVER -DSTM32L452xx -DDEBUG -c -I../Drivers/CMSIS/Include -I../Core/Inc -I../Drivers/CMSIS/Device/ST/STM32L4xx/Include -I../Drivers/STM32L4xx_HAL_Driver/Inc -I../Drivers/STM32L4xx_HAL_Driver/Inc/Legacy -O0 -ffunction-sections -fdata-sections -Wall -fstack-usage -MMD -MP -MF"Drivers/STM32L4xx_HAL_Driver/Src/stm32l4xx_hal_uart.d" -MT"Drivers/STM32L4xx_HAL_Driver/Src/stm32l4xx_hal_uart.o" --specs=nano.specs -mfpu=fpv4-sp-d16 -mfloat-abi=hard -mthumb -o "Drivers/STM32L4xx_HAL_Driver/Src/stm32l4xx_hal_uart.o"
arm-none-eabi-gcc "../Drivers/STM32L4xx_HAL_Driver/Src/stm32l4xx_hal_uart_ex.c" -mcpu=cortex-m4 -std=gnu11 -g3 -DUSE_HAL_DRIVER -DSTM32L452xx -DDEBUG -c -I../Drivers/CMSIS/Include -I../Core/Inc -I../Drivers/CMSIS/Device/ST/STM32L4xx/Include -I../Drivers/STM32L4xx_HAL_Driver/Inc -I../Drivers/STM32L4xx_HAL_Driver/Inc/Legacy -O0 -ffunction-sections -fdata-sections -Wall -fstack-usage -MMD -MP -MF"Drivers/STM32L4xx_HAL_Driver/Src/stm32l4xx_hal_uart_ex.d" -MT"Drivers/STM32L4xx_HAL_Driver/Src/stm32l4xx_hal_uart_ex.o" --specs=nano.specs -mfpu=fpv4-sp-d16 -mfloat-abi=hard -mthumb -o "Drivers/STM32L4xx_HAL_Driver/Src/stm32l4xx_hal_uart_ex.o"
arm-none-eabi-gcc -mcpu=cortex-m4 -g3 -c -x assembler-with-cpp --specs=nano.specs -mfpu=fpv4-sp-d16 -mfloat-abi=hard -mthumb -o "Core/Startup/startup_stm32l452retx.o" "../Core/Startup/startup_stm32l452retx.s"
arm-none-eabi-gcc "../Core/Src/main.c" -mcpu=cortex-m4 -std=gnu11 -g3 -DUSE_HAL_DRIVER -DSTM32L452xx -DDEBUG -c -I../Drivers/CMSIS/Include -I../Core/Inc -I../Drivers/CMSIS/Device/ST/STM32L4xx/Include -I../Drivers/STM32L4xx_HAL_Driver/Inc -I../Drivers/STM32L4xx_HAL_Driver/Inc/Legacy -O0 -ffunction-sections -fdata-sections -Wall -fstack-usage -MMD -MP -MF"Core/Src/main.d" -MT"Core/Src/main.o" --specs=nano.specs -mfpu=fpv4-sp-d16 -mfloat-abi=hard -mthumb -o "Core/Src/main.o"
arm-none-eabi-gcc "../Core/Src/stm32l4xx_hal_msp.c" -mcpu=cortex-m4 -std=gnu11 -g3 -DUSE_HAL_DRIVER -DSTM32L452xx -DDEBUG -c -I../Drivers/CMSIS/Include -I../Core/Inc -I../Drivers/CMSIS/Device/ST/STM32L4xx/Include -I../Drivers/STM32L4xx_HAL_Driver/Inc -I../Drivers/STM32L4xx_HAL_Driver/Inc/Legacy -O0 -ffunction-sections -fdata-sections -Wall -fstack-usage -MMD -MP -MF"Core/Src/stm32l4xx_hal_msp.d" -MT"Core/Src/stm32l4xx_hal_msp.o" --specs=nano.specs -mfpu=fpv4-sp-d16 -mfloat-abi=hard -mthumb -o "Core/Src/stm32l4xx_hal_msp.o"
../Core/Src/main.c:29:10: fatal error: ../Libs/hcsr04/hcsr04.h: No such file or directory
 #include "../Libs/hcsr04/hcsr04.h"
          ^~~~~~~~~~~~~~~~~~~~~~~~~
compilation terminated.
make: *** [Core/Src/subdir.mk:33: Core/Src/main.o] Error 1
make: *** Waiting for unfinished jobs....
"make -j4 all" terminated with exit code 2. Build might be incomplete.
17:38:22 **** Incremental Build of configuration Debug for project STM32L452RE_RADAR ****
make -j4 all 
arm-none-eabi-size   STM32L452RE_RADAR.elf 
   text	   data	    bss	    dec	    hex	filename
  38500	    144	   8008	  46652	   b63c	STM32L452RE_RADAR.elf
Finished building: default.size.stdout
 
17:38:25 **** Incremental Build of configuration Debug for project STM32L452RE_UNIT1 ****
make -j4 all 
arm-none-eabi-size   STM32L452RE_UNIT1.elf 
   text	   data	    bss	    dec	    hex	filename
   8436	     20	   1636	  10092	   276c	STM32L452RE_UNIT1.elf
Finished building: default.size.stdout
 
17:38:26 **** Incremental Build of configuration Debug for project STM32L452_OLED_ENCODER_MOTOR ****
make -j4 all 
arm-none-eabi-size   STM32L452_OLED_ENCODER_MOTOR.elf 
   text	   data	    bss	    dec	    hex	filename
  27196	    128	   3040	  30364	   769c	STM32L452_OLED_ENCODER_MOTOR.elf
Finished building: default.size.stdout
 
17:38:29 **** Incremental Build of configuration Debug for project STM32L452_ir_hcsr_ntc ****
make -j4 all 
arm-none-eabi-gcc "../Core/Src/main.c" -mcpu=cortex-m4 -std=gnu11 -g3 -DUSE_HAL_DRIVER -DSTM32L452xx -DDEBUG -c -I../Drivers/CMSIS/Include -I../Core/Inc -I../Drivers/CMSIS/Device/ST/STM32L4xx/Include -I../Drivers/STM32L4xx_HAL_Driver/Inc -I../Drivers/STM32L4xx_HAL_Driver/Inc/Legacy -O0 -ffunction-sections -fdata-sections -Wall -fstack-usage -MMD -MP -MF"Core/Src/main.d" -MT"Core/Src/main.o" --specs=nano.specs -mfpu=fpv4-sp-d16 -mfloat-abi=hard -mthumb -o "Core/Src/main.o"
arm-none-eabi-gcc "../Core/Src/stm32l4xx_it.c" -mcpu=cortex-m4 -std=gnu11 -g3 -DUSE_HAL_DRIVER -DSTM32L452xx -DDEBUG -c -I../Drivers/CMSIS/Include -I../Core/Inc -I../Drivers/CMSIS/Device/ST/STM32L4xx/Include -I../Drivers/STM32L4xx_HAL_Driver/Inc -I../Drivers/STM32L4xx_HAL_Driver/Inc/Legacy -O0 -ffunction-sections -fdata-sections -Wall -fstack-usage -MMD -MP -MF"Core/Src/stm32l4xx_it.d" -MT"Core/Src/stm32l4xx_it.o" --specs=nano.specs -mfpu=fpv4-sp-d16 -mfloat-abi=hard -mthumb -o "Core/Src/stm32l4xx_it.o"
arm-none-eabi-gcc "../Core/Src/syscalls.c" -mcpu=cortex-m4 -std=gnu11 -g3 -DUSE_HAL_DRIVER -DSTM32L452xx -DDEBUG -c -I../Drivers/CMSIS/Include -I../Core/Inc -I../Drivers/CMSIS/Device/ST/STM32L4xx/Include -I../Drivers/STM32L4xx_HAL_Driver/Inc -I../Drivers/STM32L4xx_HAL_Driver/Inc/Legacy -O0 -ffunction-sections -fdata-sections -Wall -fstack-usage -MMD -MP -MF"Core/Src/syscalls.d" -MT"Core/Src/syscalls.o" --specs=nano.specs -mfpu=fpv4-sp-d16 -mfloat-abi=hard -mthumb -o "Core/Src/syscalls.o"
arm-none-eabi-gcc "../Core/Src/sysmem.c" -mcpu=cortex-m4 -std=gnu11 -g3 -DUSE_HAL_DRIVER -DSTM32L452xx -DDEBUG -c -I../Drivers/CMSIS/Include -I../Core/Inc -I../Drivers/CMSIS/Device/ST/STM32L4xx/Include -I../Drivers/STM32L4xx_HAL_Driver/Inc -I../Drivers/STM32L4xx_HAL_Driver/Inc/Legacy -O0 -ffunction-sections -fdata-sections -Wall -fstack-usage -MMD -MP -MF"Core/Src/sysmem.d" -MT"Core/Src/sysmem.o" --specs=nano.specs -mfpu=fpv4-sp-d16 -mfloat-abi=hard -mthumb -o "Core/Src/sysmem.o"
../Core/Src/stm32l4xx_it.c:27:10: fatal error: ../Libs/hcsr04/hcsr04.h: No such file or directory
 #include "../Libs/hcsr04/hcsr04.h"
          ^~~~~~~~~~~~~~~~~~~~~~~~~
compilation terminated.
make: *** [Core/Src/subdir.mk:37: Core/Src/stm32l4xx_it.o] Error 1
make: *** Waiting for unfinished jobs....
../Core/Src/main.c: In function 'main':
../Core/Src/main.c:167:41: warning: format '%d' expects argument of type 'int', but argument 4 has type 'uint32_t {aka long unsigned int}' [-Wformat=]
   sprintf((char*)mes, "{TEST=%d}{TEST1=%d}\r\n", val, HCSR04_GetDistance(&hcsr) );
                                        ~^             ~~~~~~~~~~~~~~~~~~~~~~~~~
                                        %ld
In file included from ../Core/Src/main.c:30:0:
At top level:
../Core/Src/../Libs/dma_adc_sensor/dma_adc_sensor.h:31:17: warning: 'quantityOfChannels' defined but not used [-Wunused-variable]
 static uint32_t quantityOfChannels;
                 ^~~~~~~~~~~~~~~~~~
In file included from ../Core/Src/main.c:27:0:
../Core/Src/../Libs/ssd1306/ssd1306.h:129:13: warning: 'LCD_Buffer' defined but not used [-Wunused-variable]
 static char LCD_Buffer[64];
             ^~~~~~~~~~
../Core/Src/../Libs/ssd1306/ssd1306.h:128:17: warning: 'LCD_progTime' defined but not used [-Wunused-variable]
 static uint32_t LCD_progTime;
                 ^~~~~~~~~~~~
In file included from ../Core/Src/../Libs/ssd1306/ssd1306.h:46:0,
                 from ../Core/Src/main.c:27:
../Core/Src/../Libs/ssd1306/ssd1306_fonts.h:410:16: warning: 'Font_16x26' defined but not used [-Wunused-variable]
 static FontDef Font_16x26 = {16,26,Font16x26};
                ^~~~~~~~~~
../Core/Src/../Libs/ssd1306/ssd1306_fonts.h:409:16: warning: 'Font_11x18' defined but not used [-Wunused-variable]
 static FontDef Font_11x18 = {11,18,Font11x18};
                ^~~~~~~~~~
../Core/Src/../Libs/ssd1306/ssd1306_fonts.h:408:16: warning: 'Font_7x10' defined but not used [-Wunused-variable]
 static FontDef Font_7x10 = {7,10,Font7x10};
                ^~~~~~~~~
../Core/Src/../Libs/ssd1306/ssd1306_fonts.h:407:16: warning: 'Font_6x8' defined but not used [-Wunused-variable]
 static FontDef Font_6x8 = {6,8,Font6x8};
                ^~~~~~~~
"make -j4 all" terminated with exit code 2. Build might be incomplete.
17:38:51 **** Incremental Build of configuration Debug for project STM32L452RE_RADAR ****
make -j4 all 
arm-none-eabi-size   STM32L452RE_RADAR.elf 
   text	   data	    bss	    dec	    hex	filename
  38500	    144	   8008	  46652	   b63c	STM32L452RE_RADAR.elf
Finished building: default.size.stdout
 
17:38:54 **** Incremental Build of configuration Debug for project STM32L452RE_UNIT1 ****
make -j4 all 
arm-none-eabi-size   STM32L452RE_UNIT1.elf 
   text	   data	    bss	    dec	    hex	filename
   8436	     20	   1636	  10092	   276c	STM32L452RE_UNIT1.elf
Finished building: default.size.stdout
 
17:38:56 **** Incremental Build of configuration Debug for project STM32L452_OLED_ENCODER_MOTOR ****
make -j4 all 
arm-none-eabi-size   STM32L452_OLED_ENCODER_MOTOR.elf 
   text	   data	    bss	    dec	    hex	filename
  27196	    128	   3040	  30364	   769c	STM32L452_OLED_ENCODER_MOTOR.elf
Finished building: default.size.stdout
 
17:38:59 **** Incremental Build of configuration Debug for project STM32L452_ir_hcsr_ntc ****
make -j4 all 
arm-none-eabi-gcc "../Core/Src/stm32l4xx_it.c" -mcpu=cortex-m4 -std=gnu11 -g3 -DUSE_HAL_DRIVER -DSTM32L452xx -DDEBUG -c -I../Drivers/CMSIS/Include -I../Core/Inc -I../Drivers/CMSIS/Device/ST/STM32L4xx/Include -I../Drivers/STM32L4xx_HAL_Driver/Inc -I../Drivers/STM32L4xx_HAL_Driver/Inc/Legacy -O0 -ffunction-sections -fdata-sections -Wall -fstack-usage -MMD -MP -MF"Core/Src/stm32l4xx_it.d" -MT"Core/Src/stm32l4xx_it.o" --specs=nano.specs -mfpu=fpv4-sp-d16 -mfloat-abi=hard -mthumb -o "Core/Src/stm32l4xx_it.o"
arm-none-eabi-gcc "../Core/Src/system_stm32l4xx.c" -mcpu=cortex-m4 -std=gnu11 -g3 -DUSE_HAL_DRIVER -DSTM32L452xx -DDEBUG -c -I../Drivers/CMSIS/Include -I../Core/Inc -I../Drivers/CMSIS/Device/ST/STM32L4xx/Include -I../Drivers/STM32L4xx_HAL_Driver/Inc -I../Drivers/STM32L4xx_HAL_Driver/Inc/Legacy -O0 -ffunction-sections -fdata-sections -Wall -fstack-usage -MMD -MP -MF"Core/Src/system_stm32l4xx.d" -MT"Core/Src/system_stm32l4xx.o" --specs=nano.specs -mfpu=fpv4-sp-d16 -mfloat-abi=hard -mthumb -o "Core/Src/system_stm32l4xx.o"
arm-none-eabi-gcc "../Core/Libs/ssd1306/ssd1306.c" -mcpu=cortex-m4 -std=gnu11 -g3 -DUSE_HAL_DRIVER -DSTM32L452xx -DDEBUG -c -I../Drivers/CMSIS/Include -I../Core/Inc -I../Drivers/CMSIS/Device/ST/STM32L4xx/Include -I../Drivers/STM32L4xx_HAL_Driver/Inc -I../Drivers/STM32L4xx_HAL_Driver/Inc/Legacy -O0 -ffunction-sections -fdata-sections -Wall -fstack-usage -MMD -MP -MF"Core/Libs/ssd1306/ssd1306.d" -MT"Core/Libs/ssd1306/ssd1306.o" --specs=nano.specs -mfpu=fpv4-sp-d16 -mfloat-abi=hard -mthumb -o "Core/Libs/ssd1306/ssd1306.o"
arm-none-eabi-gcc "../Core/Libs/ssd1306/ssd1306_fonts.c" -mcpu=cortex-m4 -std=gnu11 -g3 -DUSE_HAL_DRIVER -DSTM32L452xx -DDEBUG -c -I../Drivers/CMSIS/Include -I../Core/Inc -I../Drivers/CMSIS/Device/ST/STM32L4xx/Include -I../Drivers/STM32L4xx_HAL_Driver/Inc -I../Drivers/STM32L4xx_HAL_Driver/Inc/Legacy -O0 -ffunction-sections -fdata-sections -Wall -fstack-usage -MMD -MP -MF"Core/Libs/ssd1306/ssd1306_fonts.d" -MT"Core/Libs/ssd1306/ssd1306_fonts.o" --specs=nano.specs -mfpu=fpv4-sp-d16 -mfloat-abi=hard -mthumb -o "Core/Libs/ssd1306/ssd1306_fonts.o"
In file included from ../Core/Libs/ssd1306/ssd1306_fonts.c:2:0:
../Core/Libs/ssd1306/ssd1306_fonts.h:410:16: warning: 'Font_16x26' defined but not used [-Wunused-variable]
 static FontDef Font_16x26 = {16,26,Font16x26};
                ^~~~~~~~~~
../Core/Libs/ssd1306/ssd1306_fonts.h:409:16: warning: 'Font_11x18' defined but not used [-Wunused-variable]
 static FontDef Font_11x18 = {11,18,Font11x18};
                ^~~~~~~~~~
../Core/Libs/ssd1306/ssd1306_fonts.h:408:16: warning: 'Font_7x10' defined but not used [-Wunused-variable]
 static FontDef Font_7x10 = {7,10,Font7x10};
                ^~~~~~~~~
../Core/Libs/ssd1306/ssd1306_fonts.h:407:16: warning: 'Font_6x8' defined but not used [-Wunused-variable]
 static FontDef Font_6x8 = {6,8,Font6x8};
                ^~~~~~~~
arm-none-eabi-gcc "../Core/Libs/ssd1306/ssd1306_tests.c" -mcpu=cortex-m4 -std=gnu11 -g3 -DUSE_HAL_DRIVER -DSTM32L452xx -DDEBUG -c -I../Drivers/CMSIS/Include -I../Core/Inc -I../Drivers/CMSIS/Device/ST/STM32L4xx/Include -I../Drivers/STM32L4xx_HAL_Driver/Inc -I../Drivers/STM32L4xx_HAL_Driver/Inc/Legacy -O0 -ffunction-sections -fdata-sections -Wall -fstack-usage -MMD -MP -MF"Core/Libs/ssd1306/ssd1306_tests.d" -MT"Core/Libs/ssd1306/ssd1306_tests.o" --specs=nano.specs -mfpu=fpv4-sp-d16 -mfloat-abi=hard -mthumb -o "Core/Libs/ssd1306/ssd1306_tests.o"
In file included from ../Core/Libs/ssd1306/ssd1306.c:1:0:
../Core/Libs/ssd1306/ssd1306.h:129:13: warning: 'LCD_Buffer' defined but not used [-Wunused-variable]
 static char LCD_Buffer[64];
             ^~~~~~~~~~
In file included from ../Core/Libs/ssd1306/ssd1306.h:46:0,
                 from ../Core/Libs/ssd1306/ssd1306.c:1:
../Core/Libs/ssd1306/ssd1306_fonts.h:410:16: warning: 'Font_16x26' defined but not used [-Wunused-variable]
 static FontDef Font_16x26 = {16,26,Font16x26};
                ^~~~~~~~~~
../Core/Libs/ssd1306/ssd1306_fonts.h:409:16: warning: 'Font_11x18' defined but not used [-Wunused-variable]
 static FontDef Font_11x18 = {11,18,Font11x18};
                ^~~~~~~~~~
../Core/Libs/ssd1306/ssd1306_fonts.h:408:16: warning: 'Font_7x10' defined but not used [-Wunused-variable]
 static FontDef Font_7x10 = {7,10,Font7x10};
                ^~~~~~~~~
../Core/Libs/ssd1306/ssd1306_fonts.h:407:16: warning: 'Font_6x8' defined but not used [-Wunused-variable]
 static FontDef Font_6x8 = {6,8,Font6x8};
                ^~~~~~~~
arm-none-eabi-gcc "../Core/Libs/oled_menu/oled_menu.c" -mcpu=cortex-m4 -std=gnu11 -g3 -DUSE_HAL_DRIVER -DSTM32L452xx -DDEBUG -c -I../Drivers/CMSIS/Include -I../Core/Inc -I../Drivers/CMSIS/Device/ST/STM32L4xx/Include -I../Drivers/STM32L4xx_HAL_Driver/Inc -I../Drivers/STM32L4xx_HAL_Driver/Inc/Legacy -O0 -ffunction-sections -fdata-sections -Wall -fstack-usage -MMD -MP -MF"Core/Libs/oled_menu/oled_menu.d" -MT"Core/Libs/oled_menu/oled_menu.o" --specs=nano.specs -mfpu=fpv4-sp-d16 -mfloat-abi=hard -mthumb -o "Core/Libs/oled_menu/oled_menu.o"
arm-none-eabi-gcc "../Core/Libs/ir_obstacle_sensor/ir_obstacle_sensor.c" -mcpu=cortex-m4 -std=gnu11 -g3 -DUSE_HAL_DRIVER -DSTM32L452xx -DDEBUG -c -I../Drivers/CMSIS/Include -I../Core/Inc -I../Drivers/CMSIS/Device/ST/STM32L4xx/Include -I../Drivers/STM32L4xx_HAL_Driver/Inc -I../Drivers/STM32L4xx_HAL_Driver/Inc/Legacy -O0 -ffunction-sections -fdata-sections -Wall -fstack-usage -MMD -MP -MF"Core/Libs/ir_obstacle_sensor/ir_obstacle_sensor.d" -MT"Core/Libs/ir_obstacle_sensor/ir_obstacle_sensor.o" --specs=nano.specs -mfpu=fpv4-sp-d16 -mfloat-abi=hard -mthumb -o "Core/Libs/ir_obstacle_sensor/ir_obstacle_sensor.o"
In file included from ../Core/Libs/ssd1306/ssd1306_tests.c:4:0:
../Core/Libs/ssd1306/ssd1306.h:129:13: warning: 'LCD_Buffer' defined but not used [-Wunused-variable]
 static char LCD_Buffer[64];
             ^~~~~~~~~~
../Core/Libs/ssd1306/ssd1306.h:128:17: warning: 'LCD_progTime' defined but not used [-Wunused-variable]
 static uint32_t LCD_progTime;
                 ^~~~~~~~~~~~
arm-none-eabi-gcc "../Core/Libs/hcsr04_IC/hcsr04.c" -mcpu=cortex-m4 -std=gnu11 -g3 -DUSE_HAL_DRIVER -DSTM32L452xx -DDEBUG -c -I../Drivers/CMSIS/Include -I../Core/Inc -I../Drivers/CMSIS/Device/ST/STM32L4xx/Include -I../Drivers/STM32L4xx_HAL_Driver/Inc -I../Drivers/STM32L4xx_HAL_Driver/Inc/Legacy -O0 -ffunction-sections -fdata-sections -Wall -fstack-usage -MMD -MP -MF"Core/Libs/hcsr04_IC/hcsr04.d" -MT"Core/Libs/hcsr04_IC/hcsr04.o" --specs=nano.specs -mfpu=fpv4-sp-d16 -mfloat-abi=hard -mthumb -o "Core/Libs/hcsr04_IC/hcsr04.o"
../Core/Libs/oled_menu/oled_menu.c: In function 'OLED_Print_hcsr':
../Core/Libs/oled_menu/oled_menu.c:34:30: warning: format '%d' expects argument of type 'int', but argument 3 has type 'uint32_t {aka long unsigned int}' [-Wformat=]
  sprintf(LCD_Buffer, "Dist: %dcm", HCSR04_GetDistance(&hcsr));
                             ~^     ~~~~~~~~~~~~~~~~~~~~~~~~~
                             %ld
In file included from ../Core/Inc/../Libs/ssd1306/ssd1306.h:46:0,
                 from ../Core/Libs/oled_menu/oled_menu.h:15,
                 from ../Core/Libs/oled_menu/oled_menu.c:8:
At top level:
../Core/Inc/../Libs/ssd1306/ssd1306_fonts.h:408:16: warning: 'Font_7x10' defined but not used [-Wunused-variable]
 static FontDef Font_7x10 = {7,10,Font7x10};
                ^~~~~~~~~
../Core/Inc/../Libs/ssd1306/ssd1306_fonts.h:407:16: warning: 'Font_6x8' defined but not used [-Wunused-variable]
 static FontDef Font_6x8 = {6,8,Font6x8};
                ^~~~~~~~
In file included from ../Core/Inc/../Libs/NTC_sensor/NTC_sensor.h:11:0,
                 from ../Core/Libs/oled_menu/oled_menu.h:11,
                 from ../Core/Libs/oled_menu/oled_menu.c:8:
../Core/Inc/../Libs/dma_adc_sensor/dma_adc_sensor.h:31:17: warning: 'quantityOfChannels' defined but not used [-Wunused-variable]
 static uint32_t quantityOfChannels;
                 ^~~~~~~~~~~~~~~~~~
arm-none-eabi-gcc "../Core/Libs/encoder/encoder.c" -mcpu=cortex-m4 -std=gnu11 -g3 -DUSE_HAL_DRIVER -DSTM32L452xx -DDEBUG -c -I../Drivers/CMSIS/Include -I../Core/Inc -I../Drivers/CMSIS/Device/ST/STM32L4xx/Include -I../Drivers/STM32L4xx_HAL_Driver/Inc -I../Drivers/STM32L4xx_HAL_Driver/Inc/Legacy -O0 -ffunction-sections -fdata-sections -Wall -fstack-usage -MMD -MP -MF"Core/Libs/encoder/encoder.d" -MT"Core/Libs/encoder/encoder.o" --specs=nano.specs -mfpu=fpv4-sp-d16 -mfloat-abi=hard -mthumb -o "Core/Libs/encoder/encoder.o"
arm-none-eabi-gcc "../Core/Libs/dwt_delay/dwt_delay.c" -mcpu=cortex-m4 -std=gnu11 -g3 -DUSE_HAL_DRIVER -DSTM32L452xx -DDEBUG -c -I../Drivers/CMSIS/Include -I../Core/Inc -I../Drivers/CMSIS/Device/ST/STM32L4xx/Include -I../Drivers/STM32L4xx_HAL_Driver/Inc -I../Drivers/STM32L4xx_HAL_Driver/Inc/Legacy -O0 -ffunction-sections -fdata-sections -Wall -fstack-usage -MMD -MP -MF"Core/Libs/dwt_delay/dwt_delay.d" -MT"Core/Libs/dwt_delay/dwt_delay.o" --specs=nano.specs -mfpu=fpv4-sp-d16 -mfloat-abi=hard -mthumb -o "Core/Libs/dwt_delay/dwt_delay.o"
arm-none-eabi-gcc "../Core/Libs/dma_adc_sensor/dma_adc_sensor.c" -mcpu=cortex-m4 -std=gnu11 -g3 -DUSE_HAL_DRIVER -DSTM32L452xx -DDEBUG -c -I../Drivers/CMSIS/Include -I../Core/Inc -I../Drivers/CMSIS/Device/ST/STM32L4xx/Include -I../Drivers/STM32L4xx_HAL_Driver/Inc -I../Drivers/STM32L4xx_HAL_Driver/Inc/Legacy -O0 -ffunction-sections -fdata-sections -Wall -fstack-usage -MMD -MP -MF"Core/Libs/dma_adc_sensor/dma_adc_sensor.d" -MT"Core/Libs/dma_adc_sensor/dma_adc_sensor.o" --specs=nano.specs -mfpu=fpv4-sp-d16 -mfloat-abi=hard -mthumb -o "Core/Libs/dma_adc_sensor/dma_adc_sensor.o"
arm-none-eabi-gcc "../Core/Libs/NTC_sensor/NTC_sensor.c" -mcpu=cortex-m4 -std=gnu11 -g3 -DUSE_HAL_DRIVER -DSTM32L452xx -DDEBUG -c -I../Drivers/CMSIS/Include -I../Core/Inc -I../Drivers/CMSIS/Device/ST/STM32L4xx/Include -I../Drivers/STM32L4xx_HAL_Driver/Inc -I../Drivers/STM32L4xx_HAL_Driver/Inc/Legacy -O0 -ffunction-sections -fdata-sections -Wall -fstack-usage -MMD -MP -MF"Core/Libs/NTC_sensor/NTC_sensor.d" -MT"Core/Libs/NTC_sensor/NTC_sensor.o" --specs=nano.specs -mfpu=fpv4-sp-d16 -mfloat-abi=hard -mthumb -o "Core/Libs/NTC_sensor/NTC_sensor.o"
In file included from ../Core/Libs/NTC_sensor/../NTC_sensor/NTC_sensor.h:11:0,
                 from ../Core/Libs/NTC_sensor/NTC_sensor.c:8:
../Core/Inc/../Libs/dma_adc_sensor/dma_adc_sensor.h:31:17: warning: 'quantityOfChannels' defined but not used [-Wunused-variable]
 static uint32_t quantityOfChannels;
                 ^~~~~~~~~~~~~~~~~~
arm-none-eabi-gcc -o "STM32L452_ir_hcsr_ntc.elf" @"objects.list"   -mcpu=cortex-m4 -T"C:\Users\ar725\Desktop\MC\stm\STM32L452_ir_hcsr_ntc\STM32L452RETX_FLASH.ld" --specs=nosys.specs -Wl,-Map="STM32L452_ir_hcsr_ntc.map" -Wl,--gc-sections -static --specs=nano.specs -mfpu=fpv4-sp-d16 -mfloat-abi=hard -mthumb -u _printf_float -Wl,--start-group -lc -lm -Wl,--end-group
Finished building target: STM32L452_ir_hcsr_ntc.elf
 
arm-none-eabi-size   STM32L452_ir_hcsr_ntc.elf 
arm-none-eabi-objdump -h -S  STM32L452_ir_hcsr_ntc.elf  > "STM32L452_ir_hcsr_ntc.list"
arm-none-eabi-objcopy  -O ihex  STM32L452_ir_hcsr_ntc.elf  "STM32L452_ir_hcsr_ntc.hex"
arm-none-eabi-objcopy  -O binary  STM32L452_ir_hcsr_ntc.elf  "STM32L452_ir_hcsr_ntc.bin"
   text	   data	    bss	    dec	    hex	filename
  39996	    484	   3636	  44116	   ac54	STM32L452_ir_hcsr_ntc.elf
Finished building: default.size.stdout
 
Finished building: STM32L452_ir_hcsr_ntc.hex
Finished building: STM32L452_ir_hcsr_ntc.bin
 
 
Finished building: STM32L452_ir_hcsr_ntc.list
 
19:02:40 **** Build of configuration Debug for project STM32L452RE_RADAR ****
make -j4 all 
arm-none-eabi-size   STM32L452RE_RADAR.elf 
   text	   data	    bss	    dec	    hex	filename
  38500	    144	   8008	  46652	   b63c	STM32L452RE_RADAR.elf
Finished building: default.size.stdout
 
19:38:34 **** Incremental Build of configuration Debug for project STM32L452RE_RADAR ****
make -j4 all 
arm-none-eabi-size   STM32L452RE_RADAR.elf 
   text	   data	    bss	    dec	    hex	filename
  38500	    144	   8008	  46652	   b63c	STM32L452RE_RADAR.elf
Finished building: default.size.stdout
 
19:38:38 **** Build of configuration Debug for project STM32L452RE_UNIT1 ****
make -j4 all 
arm-none-eabi-size   STM32L452RE_UNIT1.elf 
   text	   data	    bss	    dec	    hex	filename
   8436	     20	   1636	  10092	   276c	STM32L452RE_UNIT1.elf
Finished building: default.size.stdout
 
19:38:40 **** Build of configuration Debug for project STM32L452_I2C_SLAVE ****
make -j4 all 
arm-none-eabi-gcc "../Drivers/STM32L4xx_HAL_Driver/Src/stm32l4xx_hal.c" -mcpu=cortex-m4 -std=gnu11 -g3 -DUSE_HAL_DRIVER -DSTM32L452xx -DDEBUG -c -I../Drivers/CMSIS/Include -I../Core/Inc -I../Drivers/CMSIS/Device/ST/STM32L4xx/Include -I../Drivers/STM32L4xx_HAL_Driver/Inc -I../Drivers/STM32L4xx_HAL_Driver/Inc/Legacy -O0 -ffunction-sections -fdata-sections -Wall -fstack-usage -MMD -MP -MF"Drivers/STM32L4xx_HAL_Driver/Src/stm32l4xx_hal.d" -MT"Drivers/STM32L4xx_HAL_Driver/Src/stm32l4xx_hal.o" --specs=nano.specs -mfpu=fpv4-sp-d16 -mfloat-abi=hard -mthumb -o "Drivers/STM32L4xx_HAL_Driver/Src/stm32l4xx_hal.o"
arm-none-eabi-gcc "../Drivers/STM32L4xx_HAL_Driver/Src/stm32l4xx_hal_cortex.c" -mcpu=cortex-m4 -std=gnu11 -g3 -DUSE_HAL_DRIVER -DSTM32L452xx -DDEBUG -c -I../Drivers/CMSIS/Include -I../Core/Inc -I../Drivers/CMSIS/Device/ST/STM32L4xx/Include -I../Drivers/STM32L4xx_HAL_Driver/Inc -I../Drivers/STM32L4xx_HAL_Driver/Inc/Legacy -O0 -ffunction-sections -fdata-sections -Wall -fstack-usage -MMD -MP -MF"Drivers/STM32L4xx_HAL_Driver/Src/stm32l4xx_hal_cortex.d" -MT"Drivers/STM32L4xx_HAL_Driver/Src/stm32l4xx_hal_cortex.o" --specs=nano.specs -mfpu=fpv4-sp-d16 -mfloat-abi=hard -mthumb -o "Drivers/STM32L4xx_HAL_Driver/Src/stm32l4xx_hal_cortex.o"
arm-none-eabi-gcc "../Drivers/STM32L4xx_HAL_Driver/Src/stm32l4xx_hal_dma.c" -mcpu=cortex-m4 -std=gnu11 -g3 -DUSE_HAL_DRIVER -DSTM32L452xx -DDEBUG -c -I../Drivers/CMSIS/Include -I../Core/Inc -I../Drivers/CMSIS/Device/ST/STM32L4xx/Include -I../Drivers/STM32L4xx_HAL_Driver/Inc -I../Drivers/STM32L4xx_HAL_Driver/Inc/Legacy -O0 -ffunction-sections -fdata-sections -Wall -fstack-usage -MMD -MP -MF"Drivers/STM32L4xx_HAL_Driver/Src/stm32l4xx_hal_dma.d" -MT"Drivers/STM32L4xx_HAL_Driver/Src/stm32l4xx_hal_dma.o" --specs=nano.specs -mfpu=fpv4-sp-d16 -mfloat-abi=hard -mthumb -o "Drivers/STM32L4xx_HAL_Driver/Src/stm32l4xx_hal_dma.o"
arm-none-eabi-gcc "../Drivers/STM32L4xx_HAL_Driver/Src/stm32l4xx_hal_dma_ex.c" -mcpu=cortex-m4 -std=gnu11 -g3 -DUSE_HAL_DRIVER -DSTM32L452xx -DDEBUG -c -I../Drivers/CMSIS/Include -I../Core/Inc -I../Drivers/CMSIS/Device/ST/STM32L4xx/Include -I../Drivers/STM32L4xx_HAL_Driver/Inc -I../Drivers/STM32L4xx_HAL_Driver/Inc/Legacy -O0 -ffunction-sections -fdata-sections -Wall -fstack-usage -MMD -MP -MF"Drivers/STM32L4xx_HAL_Driver/Src/stm32l4xx_hal_dma_ex.d" -MT"Drivers/STM32L4xx_HAL_Driver/Src/stm32l4xx_hal_dma_ex.o" --specs=nano.specs -mfpu=fpv4-sp-d16 -mfloat-abi=hard -mthumb -o "Drivers/STM32L4xx_HAL_Driver/Src/stm32l4xx_hal_dma_ex.o"
arm-none-eabi-gcc "../Drivers/STM32L4xx_HAL_Driver/Src/stm32l4xx_hal_exti.c" -mcpu=cortex-m4 -std=gnu11 -g3 -DUSE_HAL_DRIVER -DSTM32L452xx -DDEBUG -c -I../Drivers/CMSIS/Include -I../Core/Inc -I../Drivers/CMSIS/Device/ST/STM32L4xx/Include -I../Drivers/STM32L4xx_HAL_Driver/Inc -I../Drivers/STM32L4xx_HAL_Driver/Inc/Legacy -O0 -ffunction-sections -fdata-sections -Wall -fstack-usage -MMD -MP -MF"Drivers/STM32L4xx_HAL_Driver/Src/stm32l4xx_hal_exti.d" -MT"Drivers/STM32L4xx_HAL_Driver/Src/stm32l4xx_hal_exti.o" --specs=nano.specs -mfpu=fpv4-sp-d16 -mfloat-abi=hard -mthumb -o "Drivers/STM32L4xx_HAL_Driver/Src/stm32l4xx_hal_exti.o"
arm-none-eabi-gcc "../Drivers/STM32L4xx_HAL_Driver/Src/stm32l4xx_hal_flash.c" -mcpu=cortex-m4 -std=gnu11 -g3 -DUSE_HAL_DRIVER -DSTM32L452xx -DDEBUG -c -I../Drivers/CMSIS/Include -I../Core/Inc -I../Drivers/CMSIS/Device/ST/STM32L4xx/Include -I../Drivers/STM32L4xx_HAL_Driver/Inc -I../Drivers/STM32L4xx_HAL_Driver/Inc/Legacy -O0 -ffunction-sections -fdata-sections -Wall -fstack-usage -MMD -MP -MF"Drivers/STM32L4xx_HAL_Driver/Src/stm32l4xx_hal_flash.d" -MT"Drivers/STM32L4xx_HAL_Driver/Src/stm32l4xx_hal_flash.o" --specs=nano.specs -mfpu=fpv4-sp-d16 -mfloat-abi=hard -mthumb -o "Drivers/STM32L4xx_HAL_Driver/Src/stm32l4xx_hal_flash.o"
arm-none-eabi-gcc "../Drivers/STM32L4xx_HAL_Driver/Src/stm32l4xx_hal_flash_ex.c" -mcpu=cortex-m4 -std=gnu11 -g3 -DUSE_HAL_DRIVER -DSTM32L452xx -DDEBUG -c -I../Drivers/CMSIS/Include -I../Core/Inc -I../Drivers/CMSIS/Device/ST/STM32L4xx/Include -I../Drivers/STM32L4xx_HAL_Driver/Inc -I../Drivers/STM32L4xx_HAL_Driver/Inc/Legacy -O0 -ffunction-sections -fdata-sections -Wall -fstack-usage -MMD -MP -MF"Drivers/STM32L4xx_HAL_Driver/Src/stm32l4xx_hal_flash_ex.d" -MT"Drivers/STM32L4xx_HAL_Driver/Src/stm32l4xx_hal_flash_ex.o" --specs=nano.specs -mfpu=fpv4-sp-d16 -mfloat-abi=hard -mthumb -o "Drivers/STM32L4xx_HAL_Driver/Src/stm32l4xx_hal_flash_ex.o"
arm-none-eabi-gcc "../Drivers/STM32L4xx_HAL_Driver/Src/stm32l4xx_hal_flash_ramfunc.c" -mcpu=cortex-m4 -std=gnu11 -g3 -DUSE_HAL_DRIVER -DSTM32L452xx -DDEBUG -c -I../Drivers/CMSIS/Include -I../Core/Inc -I../Drivers/CMSIS/Device/ST/STM32L4xx/Include -I../Drivers/STM32L4xx_HAL_Driver/Inc -I../Drivers/STM32L4xx_HAL_Driver/Inc/Legacy -O0 -ffunction-sections -fdata-sections -Wall -fstack-usage -MMD -MP -MF"Drivers/STM32L4xx_HAL_Driver/Src/stm32l4xx_hal_flash_ramfunc.d" -MT"Drivers/STM32L4xx_HAL_Driver/Src/stm32l4xx_hal_flash_ramfunc.o" --specs=nano.specs -mfpu=fpv4-sp-d16 -mfloat-abi=hard -mthumb -o "Drivers/STM32L4xx_HAL_Driver/Src/stm32l4xx_hal_flash_ramfunc.o"
arm-none-eabi-gcc "../Drivers/STM32L4xx_HAL_Driver/Src/stm32l4xx_hal_gpio.c" -mcpu=cortex-m4 -std=gnu11 -g3 -DUSE_HAL_DRIVER -DSTM32L452xx -DDEBUG -c -I../Drivers/CMSIS/Include -I../Core/Inc -I../Drivers/CMSIS/Device/ST/STM32L4xx/Include -I../Drivers/STM32L4xx_HAL_Driver/Inc -I../Drivers/STM32L4xx_HAL_Driver/Inc/Legacy -O0 -ffunction-sections -fdata-sections -Wall -fstack-usage -MMD -MP -MF"Drivers/STM32L4xx_HAL_Driver/Src/stm32l4xx_hal_gpio.d" -MT"Drivers/STM32L4xx_HAL_Driver/Src/stm32l4xx_hal_gpio.o" --specs=nano.specs -mfpu=fpv4-sp-d16 -mfloat-abi=hard -mthumb -o "Drivers/STM32L4xx_HAL_Driver/Src/stm32l4xx_hal_gpio.o"
arm-none-eabi-gcc "../Drivers/STM32L4xx_HAL_Driver/Src/stm32l4xx_hal_i2c.c" -mcpu=cortex-m4 -std=gnu11 -g3 -DUSE_HAL_DRIVER -DSTM32L452xx -DDEBUG -c -I../Drivers/CMSIS/Include -I../Core/Inc -I../Drivers/CMSIS/Device/ST/STM32L4xx/Include -I../Drivers/STM32L4xx_HAL_Driver/Inc -I../Drivers/STM32L4xx_HAL_Driver/Inc/Legacy -O0 -ffunction-sections -fdata-sections -Wall -fstack-usage -MMD -MP -MF"Drivers/STM32L4xx_HAL_Driver/Src/stm32l4xx_hal_i2c.d" -MT"Drivers/STM32L4xx_HAL_Driver/Src/stm32l4xx_hal_i2c.o" --specs=nano.specs -mfpu=fpv4-sp-d16 -mfloat-abi=hard -mthumb -o "Drivers/STM32L4xx_HAL_Driver/Src/stm32l4xx_hal_i2c.o"
arm-none-eabi-gcc "../Drivers/STM32L4xx_HAL_Driver/Src/stm32l4xx_hal_i2c_ex.c" -mcpu=cortex-m4 -std=gnu11 -g3 -DUSE_HAL_DRIVER -DSTM32L452xx -DDEBUG -c -I../Drivers/CMSIS/Include -I../Core/Inc -I../Drivers/CMSIS/Device/ST/STM32L4xx/Include -I../Drivers/STM32L4xx_HAL_Driver/Inc -I../Drivers/STM32L4xx_HAL_Driver/Inc/Legacy -O0 -ffunction-sections -fdata-sections -Wall -fstack-usage -MMD -MP -MF"Drivers/STM32L4xx_HAL_Driver/Src/stm32l4xx_hal_i2c_ex.d" -MT"Drivers/STM32L4xx_HAL_Driver/Src/stm32l4xx_hal_i2c_ex.o" --specs=nano.specs -mfpu=fpv4-sp-d16 -mfloat-abi=hard -mthumb -o "Drivers/STM32L4xx_HAL_Driver/Src/stm32l4xx_hal_i2c_ex.o"
arm-none-eabi-gcc "../Drivers/STM32L4xx_HAL_Driver/Src/stm32l4xx_hal_pwr.c" -mcpu=cortex-m4 -std=gnu11 -g3 -DUSE_HAL_DRIVER -DSTM32L452xx -DDEBUG -c -I../Drivers/CMSIS/Include -I../Core/Inc -I../Drivers/CMSIS/Device/ST/STM32L4xx/Include -I../Drivers/STM32L4xx_HAL_Driver/Inc -I../Drivers/STM32L4xx_HAL_Driver/Inc/Legacy -O0 -ffunction-sections -fdata-sections -Wall -fstack-usage -MMD -MP -MF"Drivers/STM32L4xx_HAL_Driver/Src/stm32l4xx_hal_pwr.d" -MT"Drivers/STM32L4xx_HAL_Driver/Src/stm32l4xx_hal_pwr.o" --specs=nano.specs -mfpu=fpv4-sp-d16 -mfloat-abi=hard -mthumb -o "Drivers/STM32L4xx_HAL_Driver/Src/stm32l4xx_hal_pwr.o"
arm-none-eabi-gcc "../Drivers/STM32L4xx_HAL_Driver/Src/stm32l4xx_hal_pwr_ex.c" -mcpu=cortex-m4 -std=gnu11 -g3 -DUSE_HAL_DRIVER -DSTM32L452xx -DDEBUG -c -I../Drivers/CMSIS/Include -I../Core/Inc -I../Drivers/CMSIS/Device/ST/STM32L4xx/Include -I../Drivers/STM32L4xx_HAL_Driver/Inc -I../Drivers/STM32L4xx_HAL_Driver/Inc/Legacy -O0 -ffunction-sections -fdata-sections -Wall -fstack-usage -MMD -MP -MF"Drivers/STM32L4xx_HAL_Driver/Src/stm32l4xx_hal_pwr_ex.d" -MT"Drivers/STM32L4xx_HAL_Driver/Src/stm32l4xx_hal_pwr_ex.o" --specs=nano.specs -mfpu=fpv4-sp-d16 -mfloat-abi=hard -mthumb -o "Drivers/STM32L4xx_HAL_Driver/Src/stm32l4xx_hal_pwr_ex.o"
arm-none-eabi-gcc "../Drivers/STM32L4xx_HAL_Driver/Src/stm32l4xx_hal_rcc.c" -mcpu=cortex-m4 -std=gnu11 -g3 -DUSE_HAL_DRIVER -DSTM32L452xx -DDEBUG -c -I../Drivers/CMSIS/Include -I../Core/Inc -I../Drivers/CMSIS/Device/ST/STM32L4xx/Include -I../Drivers/STM32L4xx_HAL_Driver/Inc -I../Drivers/STM32L4xx_HAL_Driver/Inc/Legacy -O0 -ffunction-sections -fdata-sections -Wall -fstack-usage -MMD -MP -MF"Drivers/STM32L4xx_HAL_Driver/Src/stm32l4xx_hal_rcc.d" -MT"Drivers/STM32L4xx_HAL_Driver/Src/stm32l4xx_hal_rcc.o" --specs=nano.specs -mfpu=fpv4-sp-d16 -mfloat-abi=hard -mthumb -o "Drivers/STM32L4xx_HAL_Driver/Src/stm32l4xx_hal_rcc.o"
arm-none-eabi-gcc "../Drivers/STM32L4xx_HAL_Driver/Src/stm32l4xx_hal_rcc_ex.c" -mcpu=cortex-m4 -std=gnu11 -g3 -DUSE_HAL_DRIVER -DSTM32L452xx -DDEBUG -c -I../Drivers/CMSIS/Include -I../Core/Inc -I../Drivers/CMSIS/Device/ST/STM32L4xx/Include -I../Drivers/STM32L4xx_HAL_Driver/Inc -I../Drivers/STM32L4xx_HAL_Driver/Inc/Legacy -O0 -ffunction-sections -fdata-sections -Wall -fstack-usage -MMD -MP -MF"Drivers/STM32L4xx_HAL_Driver/Src/stm32l4xx_hal_rcc_ex.d" -MT"Drivers/STM32L4xx_HAL_Driver/Src/stm32l4xx_hal_rcc_ex.o" --specs=nano.specs -mfpu=fpv4-sp-d16 -mfloat-abi=hard -mthumb -o "Drivers/STM32L4xx_HAL_Driver/Src/stm32l4xx_hal_rcc_ex.o"
arm-none-eabi-gcc "../Drivers/STM32L4xx_HAL_Driver/Src/stm32l4xx_hal_tim.c" -mcpu=cortex-m4 -std=gnu11 -g3 -DUSE_HAL_DRIVER -DSTM32L452xx -DDEBUG -c -I../Drivers/CMSIS/Include -I../Core/Inc -I../Drivers/CMSIS/Device/ST/STM32L4xx/Include -I../Drivers/STM32L4xx_HAL_Driver/Inc -I../Drivers/STM32L4xx_HAL_Driver/Inc/Legacy -O0 -ffunction-sections -fdata-sections -Wall -fstack-usage -MMD -MP -MF"Drivers/STM32L4xx_HAL_Driver/Src/stm32l4xx_hal_tim.d" -MT"Drivers/STM32L4xx_HAL_Driver/Src/stm32l4xx_hal_tim.o" --specs=nano.specs -mfpu=fpv4-sp-d16 -mfloat-abi=hard -mthumb -o "Drivers/STM32L4xx_HAL_Driver/Src/stm32l4xx_hal_tim.o"
arm-none-eabi-gcc "../Drivers/STM32L4xx_HAL_Driver/Src/stm32l4xx_hal_tim_ex.c" -mcpu=cortex-m4 -std=gnu11 -g3 -DUSE_HAL_DRIVER -DSTM32L452xx -DDEBUG -c -I../Drivers/CMSIS/Include -I../Core/Inc -I../Drivers/CMSIS/Device/ST/STM32L4xx/Include -I../Drivers/STM32L4xx_HAL_Driver/Inc -I../Drivers/STM32L4xx_HAL_Driver/Inc/Legacy -O0 -ffunction-sections -fdata-sections -Wall -fstack-usage -MMD -MP -MF"Drivers/STM32L4xx_HAL_Driver/Src/stm32l4xx_hal_tim_ex.d" -MT"Drivers/STM32L4xx_HAL_Driver/Src/stm32l4xx_hal_tim_ex.o" --specs=nano.specs -mfpu=fpv4-sp-d16 -mfloat-abi=hard -mthumb -o "Drivers/STM32L4xx_HAL_Driver/Src/stm32l4xx_hal_tim_ex.o"
arm-none-eabi-gcc "../Drivers/STM32L4xx_HAL_Driver/Src/stm32l4xx_hal_uart.c" -mcpu=cortex-m4 -std=gnu11 -g3 -DUSE_HAL_DRIVER -DSTM32L452xx -DDEBUG -c -I../Drivers/CMSIS/Include -I../Core/Inc -I../Drivers/CMSIS/Device/ST/STM32L4xx/Include -I../Drivers/STM32L4xx_HAL_Driver/Inc -I../Drivers/STM32L4xx_HAL_Driver/Inc/Legacy -O0 -ffunction-sections -fdata-sections -Wall -fstack-usage -MMD -MP -MF"Drivers/STM32L4xx_HAL_Driver/Src/stm32l4xx_hal_uart.d" -MT"Drivers/STM32L4xx_HAL_Driver/Src/stm32l4xx_hal_uart.o" --specs=nano.specs -mfpu=fpv4-sp-d16 -mfloat-abi=hard -mthumb -o "Drivers/STM32L4xx_HAL_Driver/Src/stm32l4xx_hal_uart.o"
arm-none-eabi-gcc "../Drivers/STM32L4xx_HAL_Driver/Src/stm32l4xx_hal_uart_ex.c" -mcpu=cortex-m4 -std=gnu11 -g3 -DUSE_HAL_DRIVER -DSTM32L452xx -DDEBUG -c -I../Drivers/CMSIS/Include -I../Core/Inc -I../Drivers/CMSIS/Device/ST/STM32L4xx/Include -I../Drivers/STM32L4xx_HAL_Driver/Inc -I../Drivers/STM32L4xx_HAL_Driver/Inc/Legacy -O0 -ffunction-sections -fdata-sections -Wall -fstack-usage -MMD -MP -MF"Drivers/STM32L4xx_HAL_Driver/Src/stm32l4xx_hal_uart_ex.d" -MT"Drivers/STM32L4xx_HAL_Driver/Src/stm32l4xx_hal_uart_ex.o" --specs=nano.specs -mfpu=fpv4-sp-d16 -mfloat-abi=hard -mthumb -o "Drivers/STM32L4xx_HAL_Driver/Src/stm32l4xx_hal_uart_ex.o"
arm-none-eabi-gcc -mcpu=cortex-m4 -g3 -c -x assembler-with-cpp --specs=nano.specs -mfpu=fpv4-sp-d16 -mfloat-abi=hard -mthumb -o "Core/Startup/startup_stm32l452retx.o" "../Core/Startup/startup_stm32l452retx.s"
arm-none-eabi-gcc "../Core/Src/main.c" -mcpu=cortex-m4 -std=gnu11 -g3 -DUSE_HAL_DRIVER -DSTM32L452xx -DDEBUG -c -I../Drivers/CMSIS/Include -I../Core/Inc -I../Drivers/CMSIS/Device/ST/STM32L4xx/Include -I../Drivers/STM32L4xx_HAL_Driver/Inc -I../Drivers/STM32L4xx_HAL_Driver/Inc/Legacy -O0 -ffunction-sections -fdata-sections -Wall -fstack-usage -MMD -MP -MF"Core/Src/main.d" -MT"Core/Src/main.o" --specs=nano.specs -mfpu=fpv4-sp-d16 -mfloat-abi=hard -mthumb -o "Core/Src/main.o"
arm-none-eabi-gcc "../Core/Src/stm32l4xx_hal_msp.c" -mcpu=cortex-m4 -std=gnu11 -g3 -DUSE_HAL_DRIVER -DSTM32L452xx -DDEBUG -c -I../Drivers/CMSIS/Include -I../Core/Inc -I../Drivers/CMSIS/Device/ST/STM32L4xx/Include -I../Drivers/STM32L4xx_HAL_Driver/Inc -I../Drivers/STM32L4xx_HAL_Driver/Inc/Legacy -O0 -ffunction-sections -fdata-sections -Wall -fstack-usage -MMD -MP -MF"Core/Src/stm32l4xx_hal_msp.d" -MT"Core/Src/stm32l4xx_hal_msp.o" --specs=nano.specs -mfpu=fpv4-sp-d16 -mfloat-abi=hard -mthumb -o "Core/Src/stm32l4xx_hal_msp.o"
arm-none-eabi-gcc "../Core/Src/stm32l4xx_it.c" -mcpu=cortex-m4 -std=gnu11 -g3 -DUSE_HAL_DRIVER -DSTM32L452xx -DDEBUG -c -I../Drivers/CMSIS/Include -I../Core/Inc -I../Drivers/CMSIS/Device/ST/STM32L4xx/Include -I../Drivers/STM32L4xx_HAL_Driver/Inc -I../Drivers/STM32L4xx_HAL_Driver/Inc/Legacy -O0 -ffunction-sections -fdata-sections -Wall -fstack-usage -MMD -MP -MF"Core/Src/stm32l4xx_it.d" -MT"Core/Src/stm32l4xx_it.o" --specs=nano.specs -mfpu=fpv4-sp-d16 -mfloat-abi=hard -mthumb -o "Core/Src/stm32l4xx_it.o"
arm-none-eabi-gcc "../Core/Src/syscalls.c" -mcpu=cortex-m4 -std=gnu11 -g3 -DUSE_HAL_DRIVER -DSTM32L452xx -DDEBUG -c -I../Drivers/CMSIS/Include -I../Core/Inc -I../Drivers/CMSIS/Device/ST/STM32L4xx/Include -I../Drivers/STM32L4xx_HAL_Driver/Inc -I../Drivers/STM32L4xx_HAL_Driver/Inc/Legacy -O0 -ffunction-sections -fdata-sections -Wall -fstack-usage -MMD -MP -MF"Core/Src/syscalls.d" -MT"Core/Src/syscalls.o" --specs=nano.specs -mfpu=fpv4-sp-d16 -mfloat-abi=hard -mthumb -o "Core/Src/syscalls.o"
arm-none-eabi-gcc "../Core/Src/sysmem.c" -mcpu=cortex-m4 -std=gnu11 -g3 -DUSE_HAL_DRIVER -DSTM32L452xx -DDEBUG -c -I../Drivers/CMSIS/Include -I../Core/Inc -I../Drivers/CMSIS/Device/ST/STM32L4xx/Include -I../Drivers/STM32L4xx_HAL_Driver/Inc -I../Drivers/STM32L4xx_HAL_Driver/Inc/Legacy -O0 -ffunction-sections -fdata-sections -Wall -fstack-usage -MMD -MP -MF"Core/Src/sysmem.d" -MT"Core/Src/sysmem.o" --specs=nano.specs -mfpu=fpv4-sp-d16 -mfloat-abi=hard -mthumb -o "Core/Src/sysmem.o"
arm-none-eabi-gcc "../Core/Src/system_stm32l4xx.c" -mcpu=cortex-m4 -std=gnu11 -g3 -DUSE_HAL_DRIVER -DSTM32L452xx -DDEBUG -c -I../Drivers/CMSIS/Include -I../Core/Inc -I../Drivers/CMSIS/Device/ST/STM32L4xx/Include -I../Drivers/STM32L4xx_HAL_Driver/Inc -I../Drivers/STM32L4xx_HAL_Driver/Inc/Legacy -O0 -ffunction-sections -fdata-sections -Wall -fstack-usage -MMD -MP -MF"Core/Src/system_stm32l4xx.d" -MT"Core/Src/system_stm32l4xx.o" --specs=nano.specs -mfpu=fpv4-sp-d16 -mfloat-abi=hard -mthumb -o "Core/Src/system_stm32l4xx.o"
arm-none-eabi-gcc "../Core/Libs/dwt_delay/dwt_delay.c" -mcpu=cortex-m4 -std=gnu11 -g3 -DUSE_HAL_DRIVER -DSTM32L452xx -DDEBUG -c -I../Drivers/CMSIS/Include -I../Core/Inc -I../Drivers/CMSIS/Device/ST/STM32L4xx/Include -I../Drivers/STM32L4xx_HAL_Driver/Inc -I../Drivers/STM32L4xx_HAL_Driver/Inc/Legacy -O0 -ffunction-sections -fdata-sections -Wall -fstack-usage -MMD -MP -MF"Core/Libs/dwt_delay/dwt_delay.d" -MT"Core/Libs/dwt_delay/dwt_delay.o" --specs=nano.specs -mfpu=fpv4-sp-d16 -mfloat-abi=hard -mthumb -o "Core/Libs/dwt_delay/dwt_delay.o"
arm-none-eabi-gcc "../Core/Libs/dma_usart/dma_usart.c" -mcpu=cortex-m4 -std=gnu11 -g3 -DUSE_HAL_DRIVER -DSTM32L452xx -DDEBUG -c -I../Drivers/CMSIS/Include -I../Core/Inc -I../Drivers/CMSIS/Device/ST/STM32L4xx/Include -I../Drivers/STM32L4xx_HAL_Driver/Inc -I../Drivers/STM32L4xx_HAL_Driver/Inc/Legacy -O0 -ffunction-sections -fdata-sections -Wall -fstack-usage -MMD -MP -MF"Core/Libs/dma_usart/dma_usart.d" -MT"Core/Libs/dma_usart/dma_usart.o" --specs=nano.specs -mfpu=fpv4-sp-d16 -mfloat-abi=hard -mthumb -o "Core/Libs/dma_usart/dma_usart.o"
arm-none-eabi-gcc -o "STM32L452_I2C_SLAVE.elf" @"objects.list"   -mcpu=cortex-m4 -T"C:\Users\ar725\Desktop\MC\work_space_A\STM32L452_I2C_SLAVE\STM32L452RETX_FLASH.ld" --specs=nosys.specs -Wl,-Map="STM32L452_I2C_SLAVE.map" -Wl,--gc-sections -static --specs=nano.specs -mfpu=fpv4-sp-d16 -mfloat-abi=hard -mthumb -Wl,--start-group -lc -lm -Wl,--end-group
Finished building target: STM32L452_I2C_SLAVE.elf
 
arm-none-eabi-size   STM32L452_I2C_SLAVE.elf 
arm-none-eabi-objdump -h -S  STM32L452_I2C_SLAVE.elf  > "STM32L452_I2C_SLAVE.list"
arm-none-eabi-objcopy  -O binary  STM32L452_I2C_SLAVE.elf  "STM32L452_I2C_SLAVE.bin"
   text	   data	    bss	    dec	    hex	filename
  15376	     20	   1772	  17168	   4310	STM32L452_I2C_SLAVE.elf
Finished building: default.size.stdout
 
Finished building: STM32L452_I2C_SLAVE.bin
Finished building: STM32L452_I2C_SLAVE.list
 
 
19:38:55 **** Build of configuration Debug for project STM32L452_OLED_ENCODER_MOTOR ****
make -j4 all 
arm-none-eabi-size   STM32L452_OLED_ENCODER_MOTOR.elf 
   text	   data	    bss	    dec	    hex	filename
  27196	    128	   3040	  30364	   769c	STM32L452_OLED_ENCODER_MOTOR.elf
Finished building: default.size.stdout
 
19:41:24 **** Incremental Build of configuration Debug for project STM32L452_I2C_SLAVE ****
make -j4 all 
arm-none-eabi-gcc "../Core/Src/main.c" -mcpu=cortex-m4 -std=gnu11 -g3 -DUSE_HAL_DRIVER -DSTM32L452xx -DDEBUG -c -I../Drivers/CMSIS/Include -I../Core/Inc -I../Drivers/CMSIS/Device/ST/STM32L4xx/Include -I../Drivers/STM32L4xx_HAL_Driver/Inc -I../Drivers/STM32L4xx_HAL_Driver/Inc/Legacy -O0 -ffunction-sections -fdata-sections -Wall -fstack-usage -MMD -MP -MF"Core/Src/main.d" -MT"Core/Src/main.o" --specs=nano.specs -mfpu=fpv4-sp-d16 -mfloat-abi=hard -mthumb -o "Core/Src/main.o"
In file included from ../Core/Src/main.c:26:0:
../Core/Src/../Libs/dma_usart/dma_usart.h:29:16: warning: 'mes' defined but not used [-Wunused-variable]
 static uint8_t mes[DMA_USRT_MESSAGE_LENGTH];
                ^~~
arm-none-eabi-gcc -o "STM32L452_I2C_SLAVE.elf" @"objects.list"   -mcpu=cortex-m4 -T"C:\Users\ar725\Desktop\MC\work_space_A\STM32L452_I2C_SLAVE\STM32L452RETX_FLASH.ld" --specs=nosys.specs -Wl,-Map="STM32L452_I2C_SLAVE.map" -Wl,--gc-sections -static --specs=nano.specs -mfpu=fpv4-sp-d16 -mfloat-abi=hard -mthumb -Wl,--start-group -lc -lm -Wl,--end-group
Core/Libs/dma_usart/dma_usart.o: In function `DMA_USART_Print':
C:/Users/ar725/Desktop/MC/work_space_A/STM32L452_I2C_SLAVE/Debug/../Core/Libs/dma_usart/dma_usart.c:28: undefined reference to `hdma_usart2_tx'
Core/Libs/dma_usart/dma_usart.o: In function `DMA_USART_Init':
C:/Users/ar725/Desktop/MC/work_space_A/STM32L452_I2C_SLAVE/Debug/../Core/Libs/dma_usart/dma_usart.c:33: undefined reference to `hdma_usart2_tx'
collect2.exe: error: ld returned 1 exit status
make: *** [makefile:46: STM32L452_I2C_SLAVE.elf] Error 1
"make -j4 all" terminated with exit code 2. Build might be incomplete.
19:43:00 **** Incremental Build of configuration Debug for project STM32L452_I2C_SLAVE ****
make -j4 all 
arm-none-eabi-gcc "../Drivers/STM32L4xx_HAL_Driver/Src/stm32l4xx_hal.c" -mcpu=cortex-m4 -std=gnu11 -g3 -DUSE_HAL_DRIVER -DSTM32L452xx -DDEBUG -c -I../Drivers/CMSIS/Include -I../Core/Inc -I../Drivers/CMSIS/Device/ST/STM32L4xx/Include -I../Drivers/STM32L4xx_HAL_Driver/Inc -I../Drivers/STM32L4xx_HAL_Driver/Inc/Legacy -O0 -ffunction-sections -fdata-sections -Wall -fstack-usage -MMD -MP -MF"Drivers/STM32L4xx_HAL_Driver/Src/stm32l4xx_hal.d" -MT"Drivers/STM32L4xx_HAL_Driver/Src/stm32l4xx_hal.o" --specs=nano.specs -mfpu=fpv4-sp-d16 -mfloat-abi=hard -mthumb -o "Drivers/STM32L4xx_HAL_Driver/Src/stm32l4xx_hal.o"
arm-none-eabi-gcc "../Drivers/STM32L4xx_HAL_Driver/Src/stm32l4xx_hal_cortex.c" -mcpu=cortex-m4 -std=gnu11 -g3 -DUSE_HAL_DRIVER -DSTM32L452xx -DDEBUG -c -I../Drivers/CMSIS/Include -I../Core/Inc -I../Drivers/CMSIS/Device/ST/STM32L4xx/Include -I../Drivers/STM32L4xx_HAL_Driver/Inc -I../Drivers/STM32L4xx_HAL_Driver/Inc/Legacy -O0 -ffunction-sections -fdata-sections -Wall -fstack-usage -MMD -MP -MF"Drivers/STM32L4xx_HAL_Driver/Src/stm32l4xx_hal_cortex.d" -MT"Drivers/STM32L4xx_HAL_Driver/Src/stm32l4xx_hal_cortex.o" --specs=nano.specs -mfpu=fpv4-sp-d16 -mfloat-abi=hard -mthumb -o "Drivers/STM32L4xx_HAL_Driver/Src/stm32l4xx_hal_cortex.o"
arm-none-eabi-gcc "../Drivers/STM32L4xx_HAL_Driver/Src/stm32l4xx_hal_dma.c" -mcpu=cortex-m4 -std=gnu11 -g3 -DUSE_HAL_DRIVER -DSTM32L452xx -DDEBUG -c -I../Drivers/CMSIS/Include -I../Core/Inc -I../Drivers/CMSIS/Device/ST/STM32L4xx/Include -I../Drivers/STM32L4xx_HAL_Driver/Inc -I../Drivers/STM32L4xx_HAL_Driver/Inc/Legacy -O0 -ffunction-sections -fdata-sections -Wall -fstack-usage -MMD -MP -MF"Drivers/STM32L4xx_HAL_Driver/Src/stm32l4xx_hal_dma.d" -MT"Drivers/STM32L4xx_HAL_Driver/Src/stm32l4xx_hal_dma.o" --specs=nano.specs -mfpu=fpv4-sp-d16 -mfloat-abi=hard -mthumb -o "Drivers/STM32L4xx_HAL_Driver/Src/stm32l4xx_hal_dma.o"
arm-none-eabi-gcc "../Drivers/STM32L4xx_HAL_Driver/Src/stm32l4xx_hal_dma_ex.c" -mcpu=cortex-m4 -std=gnu11 -g3 -DUSE_HAL_DRIVER -DSTM32L452xx -DDEBUG -c -I../Drivers/CMSIS/Include -I../Core/Inc -I../Drivers/CMSIS/Device/ST/STM32L4xx/Include -I../Drivers/STM32L4xx_HAL_Driver/Inc -I../Drivers/STM32L4xx_HAL_Driver/Inc/Legacy -O0 -ffunction-sections -fdata-sections -Wall -fstack-usage -MMD -MP -MF"Drivers/STM32L4xx_HAL_Driver/Src/stm32l4xx_hal_dma_ex.d" -MT"Drivers/STM32L4xx_HAL_Driver/Src/stm32l4xx_hal_dma_ex.o" --specs=nano.specs -mfpu=fpv4-sp-d16 -mfloat-abi=hard -mthumb -o "Drivers/STM32L4xx_HAL_Driver/Src/stm32l4xx_hal_dma_ex.o"
arm-none-eabi-gcc "../Drivers/STM32L4xx_HAL_Driver/Src/stm32l4xx_hal_exti.c" -mcpu=cortex-m4 -std=gnu11 -g3 -DUSE_HAL_DRIVER -DSTM32L452xx -DDEBUG -c -I../Drivers/CMSIS/Include -I../Core/Inc -I../Drivers/CMSIS/Device/ST/STM32L4xx/Include -I../Drivers/STM32L4xx_HAL_Driver/Inc -I../Drivers/STM32L4xx_HAL_Driver/Inc/Legacy -O0 -ffunction-sections -fdata-sections -Wall -fstack-usage -MMD -MP -MF"Drivers/STM32L4xx_HAL_Driver/Src/stm32l4xx_hal_exti.d" -MT"Drivers/STM32L4xx_HAL_Driver/Src/stm32l4xx_hal_exti.o" --specs=nano.specs -mfpu=fpv4-sp-d16 -mfloat-abi=hard -mthumb -o "Drivers/STM32L4xx_HAL_Driver/Src/stm32l4xx_hal_exti.o"
arm-none-eabi-gcc "../Drivers/STM32L4xx_HAL_Driver/Src/stm32l4xx_hal_flash.c" -mcpu=cortex-m4 -std=gnu11 -g3 -DUSE_HAL_DRIVER -DSTM32L452xx -DDEBUG -c -I../Drivers/CMSIS/Include -I../Core/Inc -I../Drivers/CMSIS/Device/ST/STM32L4xx/Include -I../Drivers/STM32L4xx_HAL_Driver/Inc -I../Drivers/STM32L4xx_HAL_Driver/Inc/Legacy -O0 -ffunction-sections -fdata-sections -Wall -fstack-usage -MMD -MP -MF"Drivers/STM32L4xx_HAL_Driver/Src/stm32l4xx_hal_flash.d" -MT"Drivers/STM32L4xx_HAL_Driver/Src/stm32l4xx_hal_flash.o" --specs=nano.specs -mfpu=fpv4-sp-d16 -mfloat-abi=hard -mthumb -o "Drivers/STM32L4xx_HAL_Driver/Src/stm32l4xx_hal_flash.o"
arm-none-eabi-gcc "../Drivers/STM32L4xx_HAL_Driver/Src/stm32l4xx_hal_flash_ex.c" -mcpu=cortex-m4 -std=gnu11 -g3 -DUSE_HAL_DRIVER -DSTM32L452xx -DDEBUG -c -I../Drivers/CMSIS/Include -I../Core/Inc -I../Drivers/CMSIS/Device/ST/STM32L4xx/Include -I../Drivers/STM32L4xx_HAL_Driver/Inc -I../Drivers/STM32L4xx_HAL_Driver/Inc/Legacy -O0 -ffunction-sections -fdata-sections -Wall -fstack-usage -MMD -MP -MF"Drivers/STM32L4xx_HAL_Driver/Src/stm32l4xx_hal_flash_ex.d" -MT"Drivers/STM32L4xx_HAL_Driver/Src/stm32l4xx_hal_flash_ex.o" --specs=nano.specs -mfpu=fpv4-sp-d16 -mfloat-abi=hard -mthumb -o "Drivers/STM32L4xx_HAL_Driver/Src/stm32l4xx_hal_flash_ex.o"
arm-none-eabi-gcc "../Drivers/STM32L4xx_HAL_Driver/Src/stm32l4xx_hal_flash_ramfunc.c" -mcpu=cortex-m4 -std=gnu11 -g3 -DUSE_HAL_DRIVER -DSTM32L452xx -DDEBUG -c -I../Drivers/CMSIS/Include -I../Core/Inc -I../Drivers/CMSIS/Device/ST/STM32L4xx/Include -I../Drivers/STM32L4xx_HAL_Driver/Inc -I../Drivers/STM32L4xx_HAL_Driver/Inc/Legacy -O0 -ffunction-sections -fdata-sections -Wall -fstack-usage -MMD -MP -MF"Drivers/STM32L4xx_HAL_Driver/Src/stm32l4xx_hal_flash_ramfunc.d" -MT"Drivers/STM32L4xx_HAL_Driver/Src/stm32l4xx_hal_flash_ramfunc.o" --specs=nano.specs -mfpu=fpv4-sp-d16 -mfloat-abi=hard -mthumb -o "Drivers/STM32L4xx_HAL_Driver/Src/stm32l4xx_hal_flash_ramfunc.o"
arm-none-eabi-gcc "../Drivers/STM32L4xx_HAL_Driver/Src/stm32l4xx_hal_gpio.c" -mcpu=cortex-m4 -std=gnu11 -g3 -DUSE_HAL_DRIVER -DSTM32L452xx -DDEBUG -c -I../Drivers/CMSIS/Include -I../Core/Inc -I../Drivers/CMSIS/Device/ST/STM32L4xx/Include -I../Drivers/STM32L4xx_HAL_Driver/Inc -I../Drivers/STM32L4xx_HAL_Driver/Inc/Legacy -O0 -ffunction-sections -fdata-sections -Wall -fstack-usage -MMD -MP -MF"Drivers/STM32L4xx_HAL_Driver/Src/stm32l4xx_hal_gpio.d" -MT"Drivers/STM32L4xx_HAL_Driver/Src/stm32l4xx_hal_gpio.o" --specs=nano.specs -mfpu=fpv4-sp-d16 -mfloat-abi=hard -mthumb -o "Drivers/STM32L4xx_HAL_Driver/Src/stm32l4xx_hal_gpio.o"
arm-none-eabi-gcc "../Drivers/STM32L4xx_HAL_Driver/Src/stm32l4xx_hal_i2c.c" -mcpu=cortex-m4 -std=gnu11 -g3 -DUSE_HAL_DRIVER -DSTM32L452xx -DDEBUG -c -I../Drivers/CMSIS/Include -I../Core/Inc -I../Drivers/CMSIS/Device/ST/STM32L4xx/Include -I../Drivers/STM32L4xx_HAL_Driver/Inc -I../Drivers/STM32L4xx_HAL_Driver/Inc/Legacy -O0 -ffunction-sections -fdata-sections -Wall -fstack-usage -MMD -MP -MF"Drivers/STM32L4xx_HAL_Driver/Src/stm32l4xx_hal_i2c.d" -MT"Drivers/STM32L4xx_HAL_Driver/Src/stm32l4xx_hal_i2c.o" --specs=nano.specs -mfpu=fpv4-sp-d16 -mfloat-abi=hard -mthumb -o "Drivers/STM32L4xx_HAL_Driver/Src/stm32l4xx_hal_i2c.o"
arm-none-eabi-gcc "../Drivers/STM32L4xx_HAL_Driver/Src/stm32l4xx_hal_i2c_ex.c" -mcpu=cortex-m4 -std=gnu11 -g3 -DUSE_HAL_DRIVER -DSTM32L452xx -DDEBUG -c -I../Drivers/CMSIS/Include -I../Core/Inc -I../Drivers/CMSIS/Device/ST/STM32L4xx/Include -I../Drivers/STM32L4xx_HAL_Driver/Inc -I../Drivers/STM32L4xx_HAL_Driver/Inc/Legacy -O0 -ffunction-sections -fdata-sections -Wall -fstack-usage -MMD -MP -MF"Drivers/STM32L4xx_HAL_Driver/Src/stm32l4xx_hal_i2c_ex.d" -MT"Drivers/STM32L4xx_HAL_Driver/Src/stm32l4xx_hal_i2c_ex.o" --specs=nano.specs -mfpu=fpv4-sp-d16 -mfloat-abi=hard -mthumb -o "Drivers/STM32L4xx_HAL_Driver/Src/stm32l4xx_hal_i2c_ex.o"
arm-none-eabi-gcc "../Drivers/STM32L4xx_HAL_Driver/Src/stm32l4xx_hal_pwr.c" -mcpu=cortex-m4 -std=gnu11 -g3 -DUSE_HAL_DRIVER -DSTM32L452xx -DDEBUG -c -I../Drivers/CMSIS/Include -I../Core/Inc -I../Drivers/CMSIS/Device/ST/STM32L4xx/Include -I../Drivers/STM32L4xx_HAL_Driver/Inc -I../Drivers/STM32L4xx_HAL_Driver/Inc/Legacy -O0 -ffunction-sections -fdata-sections -Wall -fstack-usage -MMD -MP -MF"Drivers/STM32L4xx_HAL_Driver/Src/stm32l4xx_hal_pwr.d" -MT"Drivers/STM32L4xx_HAL_Driver/Src/stm32l4xx_hal_pwr.o" --specs=nano.specs -mfpu=fpv4-sp-d16 -mfloat-abi=hard -mthumb -o "Drivers/STM32L4xx_HAL_Driver/Src/stm32l4xx_hal_pwr.o"
arm-none-eabi-gcc "../Drivers/STM32L4xx_HAL_Driver/Src/stm32l4xx_hal_pwr_ex.c" -mcpu=cortex-m4 -std=gnu11 -g3 -DUSE_HAL_DRIVER -DSTM32L452xx -DDEBUG -c -I../Drivers/CMSIS/Include -I../Core/Inc -I../Drivers/CMSIS/Device/ST/STM32L4xx/Include -I../Drivers/STM32L4xx_HAL_Driver/Inc -I../Drivers/STM32L4xx_HAL_Driver/Inc/Legacy -O0 -ffunction-sections -fdata-sections -Wall -fstack-usage -MMD -MP -MF"Drivers/STM32L4xx_HAL_Driver/Src/stm32l4xx_hal_pwr_ex.d" -MT"Drivers/STM32L4xx_HAL_Driver/Src/stm32l4xx_hal_pwr_ex.o" --specs=nano.specs -mfpu=fpv4-sp-d16 -mfloat-abi=hard -mthumb -o "Drivers/STM32L4xx_HAL_Driver/Src/stm32l4xx_hal_pwr_ex.o"
arm-none-eabi-gcc "../Drivers/STM32L4xx_HAL_Driver/Src/stm32l4xx_hal_rcc.c" -mcpu=cortex-m4 -std=gnu11 -g3 -DUSE_HAL_DRIVER -DSTM32L452xx -DDEBUG -c -I../Drivers/CMSIS/Include -I../Core/Inc -I../Drivers/CMSIS/Device/ST/STM32L4xx/Include -I../Drivers/STM32L4xx_HAL_Driver/Inc -I../Drivers/STM32L4xx_HAL_Driver/Inc/Legacy -O0 -ffunction-sections -fdata-sections -Wall -fstack-usage -MMD -MP -MF"Drivers/STM32L4xx_HAL_Driver/Src/stm32l4xx_hal_rcc.d" -MT"Drivers/STM32L4xx_HAL_Driver/Src/stm32l4xx_hal_rcc.o" --specs=nano.specs -mfpu=fpv4-sp-d16 -mfloat-abi=hard -mthumb -o "Drivers/STM32L4xx_HAL_Driver/Src/stm32l4xx_hal_rcc.o"
arm-none-eabi-gcc "../Drivers/STM32L4xx_HAL_Driver/Src/stm32l4xx_hal_rcc_ex.c" -mcpu=cortex-m4 -std=gnu11 -g3 -DUSE_HAL_DRIVER -DSTM32L452xx -DDEBUG -c -I../Drivers/CMSIS/Include -I../Core/Inc -I../Drivers/CMSIS/Device/ST/STM32L4xx/Include -I../Drivers/STM32L4xx_HAL_Driver/Inc -I../Drivers/STM32L4xx_HAL_Driver/Inc/Legacy -O0 -ffunction-sections -fdata-sections -Wall -fstack-usage -MMD -MP -MF"Drivers/STM32L4xx_HAL_Driver/Src/stm32l4xx_hal_rcc_ex.d" -MT"Drivers/STM32L4xx_HAL_Driver/Src/stm32l4xx_hal_rcc_ex.o" --specs=nano.specs -mfpu=fpv4-sp-d16 -mfloat-abi=hard -mthumb -o "Drivers/STM32L4xx_HAL_Driver/Src/stm32l4xx_hal_rcc_ex.o"
arm-none-eabi-gcc "../Drivers/STM32L4xx_HAL_Driver/Src/stm32l4xx_hal_tim.c" -mcpu=cortex-m4 -std=gnu11 -g3 -DUSE_HAL_DRIVER -DSTM32L452xx -DDEBUG -c -I../Drivers/CMSIS/Include -I../Core/Inc -I../Drivers/CMSIS/Device/ST/STM32L4xx/Include -I../Drivers/STM32L4xx_HAL_Driver/Inc -I../Drivers/STM32L4xx_HAL_Driver/Inc/Legacy -O0 -ffunction-sections -fdata-sections -Wall -fstack-usage -MMD -MP -MF"Drivers/STM32L4xx_HAL_Driver/Src/stm32l4xx_hal_tim.d" -MT"Drivers/STM32L4xx_HAL_Driver/Src/stm32l4xx_hal_tim.o" --specs=nano.specs -mfpu=fpv4-sp-d16 -mfloat-abi=hard -mthumb -o "Drivers/STM32L4xx_HAL_Driver/Src/stm32l4xx_hal_tim.o"
arm-none-eabi-gcc "../Drivers/STM32L4xx_HAL_Driver/Src/stm32l4xx_hal_tim_ex.c" -mcpu=cortex-m4 -std=gnu11 -g3 -DUSE_HAL_DRIVER -DSTM32L452xx -DDEBUG -c -I../Drivers/CMSIS/Include -I../Core/Inc -I../Drivers/CMSIS/Device/ST/STM32L4xx/Include -I../Drivers/STM32L4xx_HAL_Driver/Inc -I../Drivers/STM32L4xx_HAL_Driver/Inc/Legacy -O0 -ffunction-sections -fdata-sections -Wall -fstack-usage -MMD -MP -MF"Drivers/STM32L4xx_HAL_Driver/Src/stm32l4xx_hal_tim_ex.d" -MT"Drivers/STM32L4xx_HAL_Driver/Src/stm32l4xx_hal_tim_ex.o" --specs=nano.specs -mfpu=fpv4-sp-d16 -mfloat-abi=hard -mthumb -o "Drivers/STM32L4xx_HAL_Driver/Src/stm32l4xx_hal_tim_ex.o"
arm-none-eabi-gcc "../Drivers/STM32L4xx_HAL_Driver/Src/stm32l4xx_hal_uart.c" -mcpu=cortex-m4 -std=gnu11 -g3 -DUSE_HAL_DRIVER -DSTM32L452xx -DDEBUG -c -I../Drivers/CMSIS/Include -I../Core/Inc -I../Drivers/CMSIS/Device/ST/STM32L4xx/Include -I../Drivers/STM32L4xx_HAL_Driver/Inc -I../Drivers/STM32L4xx_HAL_Driver/Inc/Legacy -O0 -ffunction-sections -fdata-sections -Wall -fstack-usage -MMD -MP -MF"Drivers/STM32L4xx_HAL_Driver/Src/stm32l4xx_hal_uart.d" -MT"Drivers/STM32L4xx_HAL_Driver/Src/stm32l4xx_hal_uart.o" --specs=nano.specs -mfpu=fpv4-sp-d16 -mfloat-abi=hard -mthumb -o "Drivers/STM32L4xx_HAL_Driver/Src/stm32l4xx_hal_uart.o"
arm-none-eabi-gcc "../Drivers/STM32L4xx_HAL_Driver/Src/stm32l4xx_hal_uart_ex.c" -mcpu=cortex-m4 -std=gnu11 -g3 -DUSE_HAL_DRIVER -DSTM32L452xx -DDEBUG -c -I../Drivers/CMSIS/Include -I../Core/Inc -I../Drivers/CMSIS/Device/ST/STM32L4xx/Include -I../Drivers/STM32L4xx_HAL_Driver/Inc -I../Drivers/STM32L4xx_HAL_Driver/Inc/Legacy -O0 -ffunction-sections -fdata-sections -Wall -fstack-usage -MMD -MP -MF"Drivers/STM32L4xx_HAL_Driver/Src/stm32l4xx_hal_uart_ex.d" -MT"Drivers/STM32L4xx_HAL_Driver/Src/stm32l4xx_hal_uart_ex.o" --specs=nano.specs -mfpu=fpv4-sp-d16 -mfloat-abi=hard -mthumb -o "Drivers/STM32L4xx_HAL_Driver/Src/stm32l4xx_hal_uart_ex.o"
arm-none-eabi-gcc "../Core/Src/main.c" -mcpu=cortex-m4 -std=gnu11 -g3 -DUSE_HAL_DRIVER -DSTM32L452xx -DDEBUG -c -I../Drivers/CMSIS/Include -I../Core/Inc -I../Drivers/CMSIS/Device/ST/STM32L4xx/Include -I../Drivers/STM32L4xx_HAL_Driver/Inc -I../Drivers/STM32L4xx_HAL_Driver/Inc/Legacy -O0 -ffunction-sections -fdata-sections -Wall -fstack-usage -MMD -MP -MF"Core/Src/main.d" -MT"Core/Src/main.o" --specs=nano.specs -mfpu=fpv4-sp-d16 -mfloat-abi=hard -mthumb -o "Core/Src/main.o"
In file included from ../Core/Src/main.c:26:0:
../Core/Src/../Libs/dma_usart/dma_usart.h:29:16: warning: 'mes' defined but not used [-Wunused-variable]
 static uint8_t mes[DMA_USRT_MESSAGE_LENGTH];
                ^~~
arm-none-eabi-gcc "../Core/Src/stm32l4xx_hal_msp.c" -mcpu=cortex-m4 -std=gnu11 -g3 -DUSE_HAL_DRIVER -DSTM32L452xx -DDEBUG -c -I../Drivers/CMSIS/Include -I../Core/Inc -I../Drivers/CMSIS/Device/ST/STM32L4xx/Include -I../Drivers/STM32L4xx_HAL_Driver/Inc -I../Drivers/STM32L4xx_HAL_Driver/Inc/Legacy -O0 -ffunction-sections -fdata-sections -Wall -fstack-usage -MMD -MP -MF"Core/Src/stm32l4xx_hal_msp.d" -MT"Core/Src/stm32l4xx_hal_msp.o" --specs=nano.specs -mfpu=fpv4-sp-d16 -mfloat-abi=hard -mthumb -o "Core/Src/stm32l4xx_hal_msp.o"
arm-none-eabi-gcc "../Core/Src/stm32l4xx_it.c" -mcpu=cortex-m4 -std=gnu11 -g3 -DUSE_HAL_DRIVER -DSTM32L452xx -DDEBUG -c -I../Drivers/CMSIS/Include -I../Core/Inc -I../Drivers/CMSIS/Device/ST/STM32L4xx/Include -I../Drivers/STM32L4xx_HAL_Driver/Inc -I../Drivers/STM32L4xx_HAL_Driver/Inc/Legacy -O0 -ffunction-sections -fdata-sections -Wall -fstack-usage -MMD -MP -MF"Core/Src/stm32l4xx_it.d" -MT"Core/Src/stm32l4xx_it.o" --specs=nano.specs -mfpu=fpv4-sp-d16 -mfloat-abi=hard -mthumb -o "Core/Src/stm32l4xx_it.o"
arm-none-eabi-gcc "../Core/Src/system_stm32l4xx.c" -mcpu=cortex-m4 -std=gnu11 -g3 -DUSE_HAL_DRIVER -DSTM32L452xx -DDEBUG -c -I../Drivers/CMSIS/Include -I../Core/Inc -I../Drivers/CMSIS/Device/ST/STM32L4xx/Include -I../Drivers/STM32L4xx_HAL_Driver/Inc -I../Drivers/STM32L4xx_HAL_Driver/Inc/Legacy -O0 -ffunction-sections -fdata-sections -Wall -fstack-usage -MMD -MP -MF"Core/Src/system_stm32l4xx.d" -MT"Core/Src/system_stm32l4xx.o" --specs=nano.specs -mfpu=fpv4-sp-d16 -mfloat-abi=hard -mthumb -o "Core/Src/system_stm32l4xx.o"
arm-none-eabi-gcc "../Core/Libs/dwt_delay/dwt_delay.c" -mcpu=cortex-m4 -std=gnu11 -g3 -DUSE_HAL_DRIVER -DSTM32L452xx -DDEBUG -c -I../Drivers/CMSIS/Include -I../Core/Inc -I../Drivers/CMSIS/Device/ST/STM32L4xx/Include -I../Drivers/STM32L4xx_HAL_Driver/Inc -I../Drivers/STM32L4xx_HAL_Driver/Inc/Legacy -O0 -ffunction-sections -fdata-sections -Wall -fstack-usage -MMD -MP -MF"Core/Libs/dwt_delay/dwt_delay.d" -MT"Core/Libs/dwt_delay/dwt_delay.o" --specs=nano.specs -mfpu=fpv4-sp-d16 -mfloat-abi=hard -mthumb -o "Core/Libs/dwt_delay/dwt_delay.o"
arm-none-eabi-gcc "../Core/Libs/dma_usart/dma_usart.c" -mcpu=cortex-m4 -std=gnu11 -g3 -DUSE_HAL_DRIVER -DSTM32L452xx -DDEBUG -c -I../Drivers/CMSIS/Include -I../Core/Inc -I../Drivers/CMSIS/Device/ST/STM32L4xx/Include -I../Drivers/STM32L4xx_HAL_Driver/Inc -I../Drivers/STM32L4xx_HAL_Driver/Inc/Legacy -O0 -ffunction-sections -fdata-sections -Wall -fstack-usage -MMD -MP -MF"Core/Libs/dma_usart/dma_usart.d" -MT"Core/Libs/dma_usart/dma_usart.o" --specs=nano.specs -mfpu=fpv4-sp-d16 -mfloat-abi=hard -mthumb -o "Core/Libs/dma_usart/dma_usart.o"
arm-none-eabi-gcc -o "STM32L452_I2C_SLAVE.elf" @"objects.list"   -mcpu=cortex-m4 -T"C:\Users\ar725\Desktop\MC\work_space_A\STM32L452_I2C_SLAVE\STM32L452RETX_FLASH.ld" --specs=nosys.specs -Wl,-Map="STM32L452_I2C_SLAVE.map" -Wl,--gc-sections -static --specs=nano.specs -mfpu=fpv4-sp-d16 -mfloat-abi=hard -mthumb -Wl,--start-group -lc -lm -Wl,--end-group
Finished building target: STM32L452_I2C_SLAVE.elf
 
arm-none-eabi-objdump -h -S  STM32L452_I2C_SLAVE.elf  > "STM32L452_I2C_SLAVE.list"
arm-none-eabi-objcopy  -O binary  STM32L452_I2C_SLAVE.elf  "STM32L452_I2C_SLAVE.bin"
arm-none-eabi-size   STM32L452_I2C_SLAVE.elf 
   text	   data	    bss	    dec	    hex	filename
  16492	     20	   1844	  18356	   47b4	STM32L452_I2C_SLAVE.elf
Finished building: default.size.stdout
 
Finished building: STM32L452_I2C_SLAVE.bin
 
Finished building: STM32L452_I2C_SLAVE.list
 
19:43:13 **** Incremental Build of configuration Debug for project STM32L452_I2C_SLAVE ****
make -j4 all 
arm-none-eabi-size   STM32L452_I2C_SLAVE.elf 
   text	   data	    bss	    dec	    hex	filename
  16492	     20	   1844	  18356	   47b4	STM32L452_I2C_SLAVE.elf
Finished building: default.size.stdout
 
19:46:38 **** Incremental Build of configuration Debug for project STM32L452_I2C_SLAVE ****
make -j4 all 
arm-none-eabi-gcc "../Drivers/STM32L4xx_HAL_Driver/Src/stm32l4xx_hal.c" -mcpu=cortex-m4 -std=gnu11 -g3 -DUSE_HAL_DRIVER -DSTM32L452xx -DDEBUG -c -I../Drivers/CMSIS/Include -I../Core/Inc -I../Drivers/CMSIS/Device/ST/STM32L4xx/Include -I../Drivers/STM32L4xx_HAL_Driver/Inc -I../Drivers/STM32L4xx_HAL_Driver/Inc/Legacy -O0 -ffunction-sections -fdata-sections -Wall -fstack-usage -MMD -MP -MF"Drivers/STM32L4xx_HAL_Driver/Src/stm32l4xx_hal.d" -MT"Drivers/STM32L4xx_HAL_Driver/Src/stm32l4xx_hal.o" --specs=nano.specs -mfpu=fpv4-sp-d16 -mfloat-abi=hard -mthumb -o "Drivers/STM32L4xx_HAL_Driver/Src/stm32l4xx_hal.o"
arm-none-eabi-gcc "../Drivers/STM32L4xx_HAL_Driver/Src/stm32l4xx_hal_cortex.c" -mcpu=cortex-m4 -std=gnu11 -g3 -DUSE_HAL_DRIVER -DSTM32L452xx -DDEBUG -c -I../Drivers/CMSIS/Include -I../Core/Inc -I../Drivers/CMSIS/Device/ST/STM32L4xx/Include -I../Drivers/STM32L4xx_HAL_Driver/Inc -I../Drivers/STM32L4xx_HAL_Driver/Inc/Legacy -O0 -ffunction-sections -fdata-sections -Wall -fstack-usage -MMD -MP -MF"Drivers/STM32L4xx_HAL_Driver/Src/stm32l4xx_hal_cortex.d" -MT"Drivers/STM32L4xx_HAL_Driver/Src/stm32l4xx_hal_cortex.o" --specs=nano.specs -mfpu=fpv4-sp-d16 -mfloat-abi=hard -mthumb -o "Drivers/STM32L4xx_HAL_Driver/Src/stm32l4xx_hal_cortex.o"
arm-none-eabi-gcc "../Drivers/STM32L4xx_HAL_Driver/Src/stm32l4xx_hal_dma.c" -mcpu=cortex-m4 -std=gnu11 -g3 -DUSE_HAL_DRIVER -DSTM32L452xx -DDEBUG -c -I../Drivers/CMSIS/Include -I../Core/Inc -I../Drivers/CMSIS/Device/ST/STM32L4xx/Include -I../Drivers/STM32L4xx_HAL_Driver/Inc -I../Drivers/STM32L4xx_HAL_Driver/Inc/Legacy -O0 -ffunction-sections -fdata-sections -Wall -fstack-usage -MMD -MP -MF"Drivers/STM32L4xx_HAL_Driver/Src/stm32l4xx_hal_dma.d" -MT"Drivers/STM32L4xx_HAL_Driver/Src/stm32l4xx_hal_dma.o" --specs=nano.specs -mfpu=fpv4-sp-d16 -mfloat-abi=hard -mthumb -o "Drivers/STM32L4xx_HAL_Driver/Src/stm32l4xx_hal_dma.o"
arm-none-eabi-gcc "../Drivers/STM32L4xx_HAL_Driver/Src/stm32l4xx_hal_dma_ex.c" -mcpu=cortex-m4 -std=gnu11 -g3 -DUSE_HAL_DRIVER -DSTM32L452xx -DDEBUG -c -I../Drivers/CMSIS/Include -I../Core/Inc -I../Drivers/CMSIS/Device/ST/STM32L4xx/Include -I../Drivers/STM32L4xx_HAL_Driver/Inc -I../Drivers/STM32L4xx_HAL_Driver/Inc/Legacy -O0 -ffunction-sections -fdata-sections -Wall -fstack-usage -MMD -MP -MF"Drivers/STM32L4xx_HAL_Driver/Src/stm32l4xx_hal_dma_ex.d" -MT"Drivers/STM32L4xx_HAL_Driver/Src/stm32l4xx_hal_dma_ex.o" --specs=nano.specs -mfpu=fpv4-sp-d16 -mfloat-abi=hard -mthumb -o "Drivers/STM32L4xx_HAL_Driver/Src/stm32l4xx_hal_dma_ex.o"
arm-none-eabi-gcc "../Drivers/STM32L4xx_HAL_Driver/Src/stm32l4xx_hal_exti.c" -mcpu=cortex-m4 -std=gnu11 -g3 -DUSE_HAL_DRIVER -DSTM32L452xx -DDEBUG -c -I../Drivers/CMSIS/Include -I../Core/Inc -I../Drivers/CMSIS/Device/ST/STM32L4xx/Include -I../Drivers/STM32L4xx_HAL_Driver/Inc -I../Drivers/STM32L4xx_HAL_Driver/Inc/Legacy -O0 -ffunction-sections -fdata-sections -Wall -fstack-usage -MMD -MP -MF"Drivers/STM32L4xx_HAL_Driver/Src/stm32l4xx_hal_exti.d" -MT"Drivers/STM32L4xx_HAL_Driver/Src/stm32l4xx_hal_exti.o" --specs=nano.specs -mfpu=fpv4-sp-d16 -mfloat-abi=hard -mthumb -o "Drivers/STM32L4xx_HAL_Driver/Src/stm32l4xx_hal_exti.o"
arm-none-eabi-gcc "../Drivers/STM32L4xx_HAL_Driver/Src/stm32l4xx_hal_flash.c" -mcpu=cortex-m4 -std=gnu11 -g3 -DUSE_HAL_DRIVER -DSTM32L452xx -DDEBUG -c -I../Drivers/CMSIS/Include -I../Core/Inc -I../Drivers/CMSIS/Device/ST/STM32L4xx/Include -I../Drivers/STM32L4xx_HAL_Driver/Inc -I../Drivers/STM32L4xx_HAL_Driver/Inc/Legacy -O0 -ffunction-sections -fdata-sections -Wall -fstack-usage -MMD -MP -MF"Drivers/STM32L4xx_HAL_Driver/Src/stm32l4xx_hal_flash.d" -MT"Drivers/STM32L4xx_HAL_Driver/Src/stm32l4xx_hal_flash.o" --specs=nano.specs -mfpu=fpv4-sp-d16 -mfloat-abi=hard -mthumb -o "Drivers/STM32L4xx_HAL_Driver/Src/stm32l4xx_hal_flash.o"
arm-none-eabi-gcc "../Drivers/STM32L4xx_HAL_Driver/Src/stm32l4xx_hal_flash_ex.c" -mcpu=cortex-m4 -std=gnu11 -g3 -DUSE_HAL_DRIVER -DSTM32L452xx -DDEBUG -c -I../Drivers/CMSIS/Include -I../Core/Inc -I../Drivers/CMSIS/Device/ST/STM32L4xx/Include -I../Drivers/STM32L4xx_HAL_Driver/Inc -I../Drivers/STM32L4xx_HAL_Driver/Inc/Legacy -O0 -ffunction-sections -fdata-sections -Wall -fstack-usage -MMD -MP -MF"Drivers/STM32L4xx_HAL_Driver/Src/stm32l4xx_hal_flash_ex.d" -MT"Drivers/STM32L4xx_HAL_Driver/Src/stm32l4xx_hal_flash_ex.o" --specs=nano.specs -mfpu=fpv4-sp-d16 -mfloat-abi=hard -mthumb -o "Drivers/STM32L4xx_HAL_Driver/Src/stm32l4xx_hal_flash_ex.o"
arm-none-eabi-gcc "../Drivers/STM32L4xx_HAL_Driver/Src/stm32l4xx_hal_flash_ramfunc.c" -mcpu=cortex-m4 -std=gnu11 -g3 -DUSE_HAL_DRIVER -DSTM32L452xx -DDEBUG -c -I../Drivers/CMSIS/Include -I../Core/Inc -I../Drivers/CMSIS/Device/ST/STM32L4xx/Include -I../Drivers/STM32L4xx_HAL_Driver/Inc -I../Drivers/STM32L4xx_HAL_Driver/Inc/Legacy -O0 -ffunction-sections -fdata-sections -Wall -fstack-usage -MMD -MP -MF"Drivers/STM32L4xx_HAL_Driver/Src/stm32l4xx_hal_flash_ramfunc.d" -MT"Drivers/STM32L4xx_HAL_Driver/Src/stm32l4xx_hal_flash_ramfunc.o" --specs=nano.specs -mfpu=fpv4-sp-d16 -mfloat-abi=hard -mthumb -o "Drivers/STM32L4xx_HAL_Driver/Src/stm32l4xx_hal_flash_ramfunc.o"
arm-none-eabi-gcc "../Drivers/STM32L4xx_HAL_Driver/Src/stm32l4xx_hal_gpio.c" -mcpu=cortex-m4 -std=gnu11 -g3 -DUSE_HAL_DRIVER -DSTM32L452xx -DDEBUG -c -I../Drivers/CMSIS/Include -I../Core/Inc -I../Drivers/CMSIS/Device/ST/STM32L4xx/Include -I../Drivers/STM32L4xx_HAL_Driver/Inc -I../Drivers/STM32L4xx_HAL_Driver/Inc/Legacy -O0 -ffunction-sections -fdata-sections -Wall -fstack-usage -MMD -MP -MF"Drivers/STM32L4xx_HAL_Driver/Src/stm32l4xx_hal_gpio.d" -MT"Drivers/STM32L4xx_HAL_Driver/Src/stm32l4xx_hal_gpio.o" --specs=nano.specs -mfpu=fpv4-sp-d16 -mfloat-abi=hard -mthumb -o "Drivers/STM32L4xx_HAL_Driver/Src/stm32l4xx_hal_gpio.o"
arm-none-eabi-gcc "../Drivers/STM32L4xx_HAL_Driver/Src/stm32l4xx_hal_i2c.c" -mcpu=cortex-m4 -std=gnu11 -g3 -DUSE_HAL_DRIVER -DSTM32L452xx -DDEBUG -c -I../Drivers/CMSIS/Include -I../Core/Inc -I../Drivers/CMSIS/Device/ST/STM32L4xx/Include -I../Drivers/STM32L4xx_HAL_Driver/Inc -I../Drivers/STM32L4xx_HAL_Driver/Inc/Legacy -O0 -ffunction-sections -fdata-sections -Wall -fstack-usage -MMD -MP -MF"Drivers/STM32L4xx_HAL_Driver/Src/stm32l4xx_hal_i2c.d" -MT"Drivers/STM32L4xx_HAL_Driver/Src/stm32l4xx_hal_i2c.o" --specs=nano.specs -mfpu=fpv4-sp-d16 -mfloat-abi=hard -mthumb -o "Drivers/STM32L4xx_HAL_Driver/Src/stm32l4xx_hal_i2c.o"
arm-none-eabi-gcc "../Drivers/STM32L4xx_HAL_Driver/Src/stm32l4xx_hal_i2c_ex.c" -mcpu=cortex-m4 -std=gnu11 -g3 -DUSE_HAL_DRIVER -DSTM32L452xx -DDEBUG -c -I../Drivers/CMSIS/Include -I../Core/Inc -I../Drivers/CMSIS/Device/ST/STM32L4xx/Include -I../Drivers/STM32L4xx_HAL_Driver/Inc -I../Drivers/STM32L4xx_HAL_Driver/Inc/Legacy -O0 -ffunction-sections -fdata-sections -Wall -fstack-usage -MMD -MP -MF"Drivers/STM32L4xx_HAL_Driver/Src/stm32l4xx_hal_i2c_ex.d" -MT"Drivers/STM32L4xx_HAL_Driver/Src/stm32l4xx_hal_i2c_ex.o" --specs=nano.specs -mfpu=fpv4-sp-d16 -mfloat-abi=hard -mthumb -o "Drivers/STM32L4xx_HAL_Driver/Src/stm32l4xx_hal_i2c_ex.o"
arm-none-eabi-gcc "../Drivers/STM32L4xx_HAL_Driver/Src/stm32l4xx_hal_pwr.c" -mcpu=cortex-m4 -std=gnu11 -g3 -DUSE_HAL_DRIVER -DSTM32L452xx -DDEBUG -c -I../Drivers/CMSIS/Include -I../Core/Inc -I../Drivers/CMSIS/Device/ST/STM32L4xx/Include -I../Drivers/STM32L4xx_HAL_Driver/Inc -I../Drivers/STM32L4xx_HAL_Driver/Inc/Legacy -O0 -ffunction-sections -fdata-sections -Wall -fstack-usage -MMD -MP -MF"Drivers/STM32L4xx_HAL_Driver/Src/stm32l4xx_hal_pwr.d" -MT"Drivers/STM32L4xx_HAL_Driver/Src/stm32l4xx_hal_pwr.o" --specs=nano.specs -mfpu=fpv4-sp-d16 -mfloat-abi=hard -mthumb -o "Drivers/STM32L4xx_HAL_Driver/Src/stm32l4xx_hal_pwr.o"
arm-none-eabi-gcc "../Drivers/STM32L4xx_HAL_Driver/Src/stm32l4xx_hal_pwr_ex.c" -mcpu=cortex-m4 -std=gnu11 -g3 -DUSE_HAL_DRIVER -DSTM32L452xx -DDEBUG -c -I../Drivers/CMSIS/Include -I../Core/Inc -I../Drivers/CMSIS/Device/ST/STM32L4xx/Include -I../Drivers/STM32L4xx_HAL_Driver/Inc -I../Drivers/STM32L4xx_HAL_Driver/Inc/Legacy -O0 -ffunction-sections -fdata-sections -Wall -fstack-usage -MMD -MP -MF"Drivers/STM32L4xx_HAL_Driver/Src/stm32l4xx_hal_pwr_ex.d" -MT"Drivers/STM32L4xx_HAL_Driver/Src/stm32l4xx_hal_pwr_ex.o" --specs=nano.specs -mfpu=fpv4-sp-d16 -mfloat-abi=hard -mthumb -o "Drivers/STM32L4xx_HAL_Driver/Src/stm32l4xx_hal_pwr_ex.o"
arm-none-eabi-gcc "../Drivers/STM32L4xx_HAL_Driver/Src/stm32l4xx_hal_rcc.c" -mcpu=cortex-m4 -std=gnu11 -g3 -DUSE_HAL_DRIVER -DSTM32L452xx -DDEBUG -c -I../Drivers/CMSIS/Include -I../Core/Inc -I../Drivers/CMSIS/Device/ST/STM32L4xx/Include -I../Drivers/STM32L4xx_HAL_Driver/Inc -I../Drivers/STM32L4xx_HAL_Driver/Inc/Legacy -O0 -ffunction-sections -fdata-sections -Wall -fstack-usage -MMD -MP -MF"Drivers/STM32L4xx_HAL_Driver/Src/stm32l4xx_hal_rcc.d" -MT"Drivers/STM32L4xx_HAL_Driver/Src/stm32l4xx_hal_rcc.o" --specs=nano.specs -mfpu=fpv4-sp-d16 -mfloat-abi=hard -mthumb -o "Drivers/STM32L4xx_HAL_Driver/Src/stm32l4xx_hal_rcc.o"
[...]
arm-none-eabi-gcc "../Drivers/STM32L4xx_HAL_Driver/Src/stm32l4xx_hal_i2c_ex.c" -mcpu=cortex-m4 -std=gnu11 -g3 -DUSE_HAL_DRIVER -DSTM32L452xx -DDEBUG -c -I../Drivers/CMSIS/Include -I../Core/Inc -I../Drivers/CMSIS/Device/ST/STM32L4xx/Include -I../Drivers/STM32L4xx_HAL_Driver/Inc -I../Drivers/STM32L4xx_HAL_Driver/Inc/Legacy -O0 -ffunction-sections -fdata-sections -Wall -fstack-usage -MMD -MP -MF"Drivers/STM32L4xx_HAL_Driver/Src/stm32l4xx_hal_i2c_ex.d" -MT"Drivers/STM32L4xx_HAL_Driver/Src/stm32l4xx_hal_i2c_ex.o" --specs=nano.specs -mfpu=fpv4-sp-d16 -mfloat-abi=hard -mthumb -o "Drivers/STM32L4xx_HAL_Driver/Src/stm32l4xx_hal_i2c_ex.o"
arm-none-eabi-gcc "../Drivers/STM32L4xx_HAL_Driver/Src/stm32l4xx_hal_pwr.c" -mcpu=cortex-m4 -std=gnu11 -g3 -DUSE_HAL_DRIVER -DSTM32L452xx -DDEBUG -c -I../Drivers/CMSIS/Include -I../Core/Inc -I../Drivers/CMSIS/Device/ST/STM32L4xx/Include -I../Drivers/STM32L4xx_HAL_Driver/Inc -I../Drivers/STM32L4xx_HAL_Driver/Inc/Legacy -O0 -ffunction-sections -fdata-sections -Wall -fstack-usage -MMD -MP -MF"Drivers/STM32L4xx_HAL_Driver/Src/stm32l4xx_hal_pwr.d" -MT"Drivers/STM32L4xx_HAL_Driver/Src/stm32l4xx_hal_pwr.o" --specs=nano.specs -mfpu=fpv4-sp-d16 -mfloat-abi=hard -mthumb -o "Drivers/STM32L4xx_HAL_Driver/Src/stm32l4xx_hal_pwr.o"
arm-none-eabi-gcc "../Drivers/STM32L4xx_HAL_Driver/Src/stm32l4xx_hal_pwr_ex.c" -mcpu=cortex-m4 -std=gnu11 -g3 -DUSE_HAL_DRIVER -DSTM32L452xx -DDEBUG -c -I../Drivers/CMSIS/Include -I../Core/Inc -I../Drivers/CMSIS/Device/ST/STM32L4xx/Include -I../Drivers/STM32L4xx_HAL_Driver/Inc -I../Drivers/STM32L4xx_HAL_Driver/Inc/Legacy -O0 -ffunction-sections -fdata-sections -Wall -fstack-usage -MMD -MP -MF"Drivers/STM32L4xx_HAL_Driver/Src/stm32l4xx_hal_pwr_ex.d" -MT"Drivers/STM32L4xx_HAL_Driver/Src/stm32l4xx_hal_pwr_ex.o" --specs=nano.specs -mfpu=fpv4-sp-d16 -mfloat-abi=hard -mthumb -o "Drivers/STM32L4xx_HAL_Driver/Src/stm32l4xx_hal_pwr_ex.o"
arm-none-eabi-gcc "../Drivers/STM32L4xx_HAL_Driver/Src/stm32l4xx_hal_rcc.c" -mcpu=cortex-m4 -std=gnu11 -g3 -DUSE_HAL_DRIVER -DSTM32L452xx -DDEBUG -c -I../Drivers/CMSIS/Include -I../Core/Inc -I../Drivers/CMSIS/Device/ST/STM32L4xx/Include -I../Drivers/STM32L4xx_HAL_Driver/Inc -I../Drivers/STM32L4xx_HAL_Driver/Inc/Legacy -O0 -ffunction-sections -fdata-sections -Wall -fstack-usage -MMD -MP -MF"Drivers/STM32L4xx_HAL_Driver/Src/stm32l4xx_hal_rcc.d" -MT"Drivers/STM32L4xx_HAL_Driver/Src/stm32l4xx_hal_rcc.o" --specs=nano.specs -mfpu=fpv4-sp-d16 -mfloat-abi=hard -mthumb -o "Drivers/STM32L4xx_HAL_Driver/Src/stm32l4xx_hal_rcc.o"
arm-none-eabi-gcc "../Drivers/STM32L4xx_HAL_Driver/Src/stm32l4xx_hal_rcc_ex.c" -mcpu=cortex-m4 -std=gnu11 -g3 -DUSE_HAL_DRIVER -DSTM32L452xx -DDEBUG -c -I../Drivers/CMSIS/Include -I../Core/Inc -I../Drivers/CMSIS/Device/ST/STM32L4xx/Include -I../Drivers/STM32L4xx_HAL_Driver/Inc -I../Drivers/STM32L4xx_HAL_Driver/Inc/Legacy -O0 -ffunction-sections -fdata-sections -Wall -fstack-usage -MMD -MP -MF"Drivers/STM32L4xx_HAL_Driver/Src/stm32l4xx_hal_rcc_ex.d" -MT"Drivers/STM32L4xx_HAL_Driver/Src/stm32l4xx_hal_rcc_ex.o" --specs=nano.specs -mfpu=fpv4-sp-d16 -mfloat-abi=hard -mthumb -o "Drivers/STM32L4xx_HAL_Driver/Src/stm32l4xx_hal_rcc_ex.o"
arm-none-eabi-gcc "../Drivers/STM32L4xx_HAL_Driver/Src/stm32l4xx_hal_tim.c" -mcpu=cortex-m4 -std=gnu11 -g3 -DUSE_HAL_DRIVER -DSTM32L452xx -DDEBUG -c -I../Drivers/CMSIS/Include -I../Core/Inc -I../Drivers/CMSIS/Device/ST/STM32L4xx/Include -I../Drivers/STM32L4xx_HAL_Driver/Inc -I../Drivers/STM32L4xx_HAL_Driver/Inc/Legacy -O0 -ffunction-sections -fdata-sections -Wall -fstack-usage -MMD -MP -MF"Drivers/STM32L4xx_HAL_Driver/Src/stm32l4xx_hal_tim.d" -MT"Drivers/STM32L4xx_HAL_Driver/Src/stm32l4xx_hal_tim.o" --specs=nano.specs -mfpu=fpv4-sp-d16 -mfloat-abi=hard -mthumb -o "Drivers/STM32L4xx_HAL_Driver/Src/stm32l4xx_hal_tim.o"
arm-none-eabi-gcc "../Drivers/STM32L4xx_HAL_Driver/Src/stm32l4xx_hal_tim_ex.c" -mcpu=cortex-m4 -std=gnu11 -g3 -DUSE_HAL_DRIVER -DSTM32L452xx -DDEBUG -c -I../Drivers/CMSIS/Include -I../Core/Inc -I../Drivers/CMSIS/Device/ST/STM32L4xx/Include -I../Drivers/STM32L4xx_HAL_Driver/Inc -I../Drivers/STM32L4xx_HAL_Driver/Inc/Legacy -O0 -ffunction-sections -fdata-sections -Wall -fstack-usage -MMD -MP -MF"Drivers/STM32L4xx_HAL_Driver/Src/stm32l4xx_hal_tim_ex.d" -MT"Drivers/STM32L4xx_HAL_Driver/Src/stm32l4xx_hal_tim_ex.o" --specs=nano.specs -mfpu=fpv4-sp-d16 -mfloat-abi=hard -mthumb -o "Drivers/STM32L4xx_HAL_Driver/Src/stm32l4xx_hal_tim_ex.o"
arm-none-eabi-gcc "../Drivers/STM32L4xx_HAL_Driver/Src/stm32l4xx_hal_uart.c" -mcpu=cortex-m4 -std=gnu11 -g3 -DUSE_HAL_DRIVER -DSTM32L452xx -DDEBUG -c -I../Drivers/CMSIS/Include -I../Core/Inc -I../Drivers/CMSIS/Device/ST/STM32L4xx/Include -I../Drivers/STM32L4xx_HAL_Driver/Inc -I../Drivers/STM32L4xx_HAL_Driver/Inc/Legacy -O0 -ffunction-sections -fdata-sections -Wall -fstack-usage -MMD -MP -MF"Drivers/STM32L4xx_HAL_Driver/Src/stm32l4xx_hal_uart.d" -MT"Drivers/STM32L4xx_HAL_Driver/Src/stm32l4xx_hal_uart.o" --specs=nano.specs -mfpu=fpv4-sp-d16 -mfloat-abi=hard -mthumb -o "Drivers/STM32L4xx_HAL_Driver/Src/stm32l4xx_hal_uart.o"
arm-none-eabi-gcc "../Drivers/STM32L4xx_HAL_Driver/Src/stm32l4xx_hal_uart_ex.c" -mcpu=cortex-m4 -std=gnu11 -g3 -DUSE_HAL_DRIVER -DSTM32L452xx -DDEBUG -c -I../Drivers/CMSIS/Include -I../Core/Inc -I../Drivers/CMSIS/Device/ST/STM32L4xx/Include -I../Drivers/STM32L4xx_HAL_Driver/Inc -I../Drivers/STM32L4xx_HAL_Driver/Inc/Legacy -O0 -ffunction-sections -fdata-sections -Wall -fstack-usage -MMD -MP -MF"Drivers/STM32L4xx_HAL_Driver/Src/stm32l4xx_hal_uart_ex.d" -MT"Drivers/STM32L4xx_HAL_Driver/Src/stm32l4xx_hal_uart_ex.o" --specs=nano.specs -mfpu=fpv4-sp-d16 -mfloat-abi=hard -mthumb -o "Drivers/STM32L4xx_HAL_Driver/Src/stm32l4xx_hal_uart_ex.o"
arm-none-eabi-gcc -mcpu=cortex-m4 -g3 -c -x assembler-with-cpp --specs=nano.specs -mfpu=fpv4-sp-d16 -mfloat-abi=hard -mthumb -o "Core/Startup/startup_stm32l452retx.o" "../Core/Startup/startup_stm32l452retx.s"
arm-none-eabi-gcc "../Core/Src/main.c" -mcpu=cortex-m4 -std=gnu11 -g3 -DUSE_HAL_DRIVER -DSTM32L452xx -DDEBUG -c -I../Drivers/CMSIS/Include -I../Core/Inc -I../Drivers/CMSIS/Device/ST/STM32L4xx/Include -I../Drivers/STM32L4xx_HAL_Driver/Inc -I../Drivers/STM32L4xx_HAL_Driver/Inc/Legacy -O0 -ffunction-sections -fdata-sections -Wall -fstack-usage -MMD -MP -MF"Core/Src/main.d" -MT"Core/Src/main.o" --specs=nano.specs -mfpu=fpv4-sp-d16 -mfloat-abi=hard -mthumb -o "Core/Src/main.o"
arm-none-eabi-gcc "../Core/Src/stm32l4xx_hal_msp.c" -mcpu=cortex-m4 -std=gnu11 -g3 -DUSE_HAL_DRIVER -DSTM32L452xx -DDEBUG -c -I../Drivers/CMSIS/Include -I../Core/Inc -I../Drivers/CMSIS/Device/ST/STM32L4xx/Include -I../Drivers/STM32L4xx_HAL_Driver/Inc -I../Drivers/STM32L4xx_HAL_Driver/Inc/Legacy -O0 -ffunction-sections -fdata-sections -Wall -fstack-usage -MMD -MP -MF"Core/Src/stm32l4xx_hal_msp.d" -MT"Core/Src/stm32l4xx_hal_msp.o" --specs=nano.specs -mfpu=fpv4-sp-d16 -mfloat-abi=hard -mthumb -o "Core/Src/stm32l4xx_hal_msp.o"
arm-none-eabi-gcc "../Core/Src/stm32l4xx_it.c" -mcpu=cortex-m4 -std=gnu11 -g3 -DUSE_HAL_DRIVER -DSTM32L452xx -DDEBUG -c -I../Drivers/CMSIS/Include -I../Core/Inc -I../Drivers/CMSIS/Device/ST/STM32L4xx/Include -I../Drivers/STM32L4xx_HAL_Driver/Inc -I../Drivers/STM32L4xx_HAL_Driver/Inc/Legacy -O0 -ffunction-sections -fdata-sections -Wall -fstack-usage -MMD -MP -MF"Core/Src/stm32l4xx_it.d" -MT"Core/Src/stm32l4xx_it.o" --specs=nano.specs -mfpu=fpv4-sp-d16 -mfloat-abi=hard -mthumb -o "Core/Src/stm32l4xx_it.o"
../Core/Src/main.c: In function 'main':
../Core/Src/main.c:167:41: warning: format '%d' expects argument of type 'int', but argument 4 has type 'uint32_t {aka long unsigned int}' [-Wformat=]
   sprintf((char*)mes, "{TEST=%d}{TEST1=%d}\r\n", val, HCSR04_GetDistance(&hcsr) );
                                        ~^             ~~~~~~~~~~~~~~~~~~~~~~~~~
                                        %ld
In file included from ../Core/Src/main.c:30:0:
At top level:
../Core/Src/../Libs/dma_adc_sensor/dma_adc_sensor.h:31:17: warning: 'quantityOfChannels' defined but not used [-Wunused-variable]
 static uint32_t quantityOfChannels;
                 ^~~~~~~~~~~~~~~~~~
In file included from ../Core/Src/main.c:27:0:
../Core/Src/../Libs/ssd1306/ssd1306.h:129:13: warning: 'LCD_Buffer' defined but not used [-Wunused-variable]
 static char LCD_Buffer[64];
             ^~~~~~~~~~
../Core/Src/../Libs/ssd1306/ssd1306.h:128:17: warning: 'LCD_progTime' defined but not used [-Wunused-variable]
 static uint32_t LCD_progTime;
                 ^~~~~~~~~~~~
In file included from ../Core/Src/../Libs/ssd1306/ssd1306.h:46:0,
                 from ../Core/Src/main.c:27:
../Core/Src/../Libs/ssd1306/ssd1306_fonts.h:410:16: warning: 'Font_16x26' defined but not used [-Wunused-variable]
 static FontDef Font_16x26 = {16,26,Font16x26};
                ^~~~~~~~~~
../Core/Src/../Libs/ssd1306/ssd1306_fonts.h:409:16: warning: 'Font_11x18' defined but not used [-Wunused-variable]
 static FontDef Font_11x18 = {11,18,Font11x18};
                ^~~~~~~~~~
../Core/Src/../Libs/ssd1306/ssd1306_fonts.h:408:16: warning: 'Font_7x10' defined but not used [-Wunused-variable]
 static FontDef Font_7x10 = {7,10,Font7x10};
                ^~~~~~~~~
../Core/Src/../Libs/ssd1306/ssd1306_fonts.h:407:16: warning: 'Font_6x8' defined but not used [-Wunused-variable]
 static FontDef Font_6x8 = {6,8,Font6x8};
                ^~~~~~~~
arm-none-eabi-gcc "../Core/Src/syscalls.c" -mcpu=cortex-m4 -std=gnu11 -g3 -DUSE_HAL_DRIVER -DSTM32L452xx -DDEBUG -c -I../Drivers/CMSIS/Include -I../Core/Inc -I../Drivers/CMSIS/Device/ST/STM32L4xx/Include -I../Drivers/STM32L4xx_HAL_Driver/Inc -I../Drivers/STM32L4xx_HAL_Driver/Inc/Legacy -O0 -ffunction-sections -fdata-sections -Wall -fstack-usage -MMD -MP -MF"Core/Src/syscalls.d" -MT"Core/Src/syscalls.o" --specs=nano.specs -mfpu=fpv4-sp-d16 -mfloat-abi=hard -mthumb -o "Core/Src/syscalls.o"
arm-none-eabi-gcc "../Core/Src/sysmem.c" -mcpu=cortex-m4 -std=gnu11 -g3 -DUSE_HAL_DRIVER -DSTM32L452xx -DDEBUG -c -I../Drivers/CMSIS/Include -I../Core/Inc -I../Drivers/CMSIS/Device/ST/STM32L4xx/Include -I../Drivers/STM32L4xx_HAL_Driver/Inc -I../Drivers/STM32L4xx_HAL_Driver/Inc/Legacy -O0 -ffunction-sections -fdata-sections -Wall -fstack-usage -MMD -MP -MF"Core/Src/sysmem.d" -MT"Core/Src/sysmem.o" --specs=nano.specs -mfpu=fpv4-sp-d16 -mfloat-abi=hard -mthumb -o "Core/Src/sysmem.o"
arm-none-eabi-gcc "../Core/Src/system_stm32l4xx.c" -mcpu=cortex-m4 -std=gnu11 -g3 -DUSE_HAL_DRIVER -DSTM32L452xx -DDEBUG -c -I../Drivers/CMSIS/Include -I../Core/Inc -I../Drivers/CMSIS/Device/ST/STM32L4xx/Include -I../Drivers/STM32L4xx_HAL_Driver/Inc -I../Drivers/STM32L4xx_HAL_Driver/Inc/Legacy -O0 -ffunction-sections -fdata-sections -Wall -fstack-usage -MMD -MP -MF"Core/Src/system_stm32l4xx.d" -MT"Core/Src/system_stm32l4xx.o" --specs=nano.specs -mfpu=fpv4-sp-d16 -mfloat-abi=hard -mthumb -o "Core/Src/system_stm32l4xx.o"
arm-none-eabi-gcc "../Core/Libs/ssd1306/ssd1306.c" -mcpu=cortex-m4 -std=gnu11 -g3 -DUSE_HAL_DRIVER -DSTM32L452xx -DDEBUG -c -I../Drivers/CMSIS/Include -I../Core/Inc -I../Drivers/CMSIS/Device/ST/STM32L4xx/Include -I../Drivers/STM32L4xx_HAL_Driver/Inc -I../Drivers/STM32L4xx_HAL_Driver/Inc/Legacy -O0 -ffunction-sections -fdata-sections -Wall -fstack-usage -MMD -MP -MF"Core/Libs/ssd1306/ssd1306.d" -MT"Core/Libs/ssd1306/ssd1306.o" --specs=nano.specs -mfpu=fpv4-sp-d16 -mfloat-abi=hard -mthumb -o "Core/Libs/ssd1306/ssd1306.o"
arm-none-eabi-gcc "../Core/Libs/ssd1306/ssd1306_fonts.c" -mcpu=cortex-m4 -std=gnu11 -g3 -DUSE_HAL_DRIVER -DSTM32L452xx -DDEBUG -c -I../Drivers/CMSIS/Include -I../Core/Inc -I../Drivers/CMSIS/Device/ST/STM32L4xx/Include -I../Drivers/STM32L4xx_HAL_Driver/Inc -I../Drivers/STM32L4xx_HAL_Driver/Inc/Legacy -O0 -ffunction-sections -fdata-sections -Wall -fstack-usage -MMD -MP -MF"Core/Libs/ssd1306/ssd1306_fonts.d" -MT"Core/Libs/ssd1306/ssd1306_fonts.o" --specs=nano.specs -mfpu=fpv4-sp-d16 -mfloat-abi=hard -mthumb -o "Core/Libs/ssd1306/ssd1306_fonts.o"
arm-none-eabi-gcc "../Core/Libs/ssd1306/ssd1306_tests.c" -mcpu=cortex-m4 -std=gnu11 -g3 -DUSE_HAL_DRIVER -DSTM32L452xx -DDEBUG -c -I../Drivers/CMSIS/Include -I../Core/Inc -I../Drivers/CMSIS/Device/ST/STM32L4xx/Include -I../Drivers/STM32L4xx_HAL_Driver/Inc -I../Drivers/STM32L4xx_HAL_Driver/Inc/Legacy -O0 -ffunction-sections -fdata-sections -Wall -fstack-usage -MMD -MP -MF"Core/Libs/ssd1306/ssd1306_tests.d" -MT"Core/Libs/ssd1306/ssd1306_tests.o" --specs=nano.specs -mfpu=fpv4-sp-d16 -mfloat-abi=hard -mthumb -o "Core/Libs/ssd1306/ssd1306_tests.o"
In file included from ../Core/Libs/ssd1306/ssd1306.c:1:0:
../Core/Libs/ssd1306/ssd1306.h:129:13: warning: 'LCD_Buffer' defined but not used [-Wunused-variable]
 static char LCD_Buffer[64];
             ^~~~~~~~~~
In file included from ../Core/Libs/ssd1306/ssd1306.h:46:0,
                 from ../Core/Libs/ssd1306/ssd1306.c:1:
../Core/Libs/ssd1306/ssd1306_fonts.h:410:16: warning: 'Font_16x26' defined but not used [-Wunused-variable]
 static FontDef Font_16x26 = {16,26,Font16x26};
                ^~~~~~~~~~
../Core/Libs/ssd1306/ssd1306_fonts.h:409:16: warning: 'Font_11x18' defined but not used [-Wunused-variable]
 static FontDef Font_11x18 = {11,18,Font11x18};
                ^~~~~~~~~~
../Core/Libs/ssd1306/ssd1306_fonts.h:408:16: warning: 'Font_7x10' defined but not used [-Wunused-variable]
 static FontDef Font_7x10 = {7,10,Font7x10};
                ^~~~~~~~~
../Core/Libs/ssd1306/ssd1306_fonts.h:407:16: warning: 'Font_6x8' defined but not used [-Wunused-variable]
 static FontDef Font_6x8 = {6,8,Font6x8};
                ^~~~~~~~
In file included from ../Core/Libs/ssd1306/ssd1306_fonts.c:2:0:
../Core/Libs/ssd1306/ssd1306_fonts.h:410:16: warning: 'Font_16x26' defined but not used [-Wunused-variable]
 static FontDef Font_16x26 = {16,26,Font16x26};
                ^~~~~~~~~~
../Core/Libs/ssd1306/ssd1306_fonts.h:409:16: warning: 'Font_11x18' defined but not used [-Wunused-variable]
 static FontDef Font_11x18 = {11,18,Font11x18};
                ^~~~~~~~~~
../Core/Libs/ssd1306/ssd1306_fonts.h:408:16: warning: 'Font_7x10' defined but not used [-Wunused-variable]
 static FontDef Font_7x10 = {7,10,Font7x10};
                ^~~~~~~~~
../Core/Libs/ssd1306/ssd1306_fonts.h:407:16: warning: 'Font_6x8' defined but not used [-Wunused-variable]
 static FontDef Font_6x8 = {6,8,Font6x8};
                ^~~~~~~~
arm-none-eabi-gcc "../Core/Libs/oled_menu/oled_menu.c" -mcpu=cortex-m4 -std=gnu11 -g3 -DUSE_HAL_DRIVER -DSTM32L452xx -DDEBUG -c -I../Drivers/CMSIS/Include -I../Core/Inc -I../Drivers/CMSIS/Device/ST/STM32L4xx/Include -I../Drivers/STM32L4xx_HAL_Driver/Inc -I../Drivers/STM32L4xx_HAL_Driver/Inc/Legacy -O0 -ffunction-sections -fdata-sections -Wall -fstack-usage -MMD -MP -MF"Core/Libs/oled_menu/oled_menu.d" -MT"Core/Libs/oled_menu/oled_menu.o" --specs=nano.specs -mfpu=fpv4-sp-d16 -mfloat-abi=hard -mthumb -o "Core/Libs/oled_menu/oled_menu.o"
In file included from ../Core/Libs/ssd1306/ssd1306_tests.c:4:0:
../Core/Libs/ssd1306/ssd1306.h:129:13: warning: 'LCD_Buffer' defined but not used [-Wunused-variable]
 static char LCD_Buffer[64];
             ^~~~~~~~~~
../Core/Libs/ssd1306/ssd1306.h:128:17: warning: 'LCD_progTime' defined but not used [-Wunused-variable]
 static uint32_t LCD_progTime;
                 ^~~~~~~~~~~~
arm-none-eabi-gcc "../Core/Libs/ir_obstacle_sensor/ir_obstacle_sensor.c" -mcpu=cortex-m4 -std=gnu11 -g3 -DUSE_HAL_DRIVER -DSTM32L452xx -DDEBUG -c -I../Drivers/CMSIS/Include -I../Core/Inc -I../Drivers/CMSIS/Device/ST/STM32L4xx/Include -I../Drivers/STM32L4xx_HAL_Driver/Inc -I../Drivers/STM32L4xx_HAL_Driver/Inc/Legacy -O0 -ffunction-sections -fdata-sections -Wall -fstack-usage -MMD -MP -MF"Core/Libs/ir_obstacle_sensor/ir_obstacle_sensor.d" -MT"Core/Libs/ir_obstacle_sensor/ir_obstacle_sensor.o" --specs=nano.specs -mfpu=fpv4-sp-d16 -mfloat-abi=hard -mthumb -o "Core/Libs/ir_obstacle_sensor/ir_obstacle_sensor.o"
arm-none-eabi-gcc "../Core/Libs/hcsr04_IC/hcsr04.c" -mcpu=cortex-m4 -std=gnu11 -g3 -DUSE_HAL_DRIVER -DSTM32L452xx -DDEBUG -c -I../Drivers/CMSIS/Include -I../Core/Inc -I../Drivers/CMSIS/Device/ST/STM32L4xx/Include -I../Drivers/STM32L4xx_HAL_Driver/Inc -I../Drivers/STM32L4xx_HAL_Driver/Inc/Legacy -O0 -ffunction-sections -fdata-sections -Wall -fstack-usage -MMD -MP -MF"Core/Libs/hcsr04_IC/hcsr04.d" -MT"Core/Libs/hcsr04_IC/hcsr04.o" --specs=nano.specs -mfpu=fpv4-sp-d16 -mfloat-abi=hard -mthumb -o "Core/Libs/hcsr04_IC/hcsr04.o"
../Core/Libs/oled_menu/oled_menu.c: In function 'OLED_Print_hcsr':
../Core/Libs/oled_menu/oled_menu.c:34:30: warning: format '%d' expects argument of type 'int', but argument 3 has type 'uint32_t {aka long unsigned int}' [-Wformat=]
  sprintf(LCD_Buffer, "Dist: %dcm", HCSR04_GetDistance(&hcsr));
                             ~^     ~~~~~~~~~~~~~~~~~~~~~~~~~
                             %ld
In file included from ../Core/Inc/../Libs/ssd1306/ssd1306.h:46:0,
                 from ../Core/Libs/oled_menu/oled_menu.h:15,
                 from ../Core/Libs/oled_menu/oled_menu.c:8:
At top level:
../Core/Inc/../Libs/ssd1306/ssd1306_fonts.h:408:16: warning: 'Font_7x10' defined but not used [-Wunused-variable]
 static FontDef Font_7x10 = {7,10,Font7x10};
                ^~~~~~~~~
../Core/Inc/../Libs/ssd1306/ssd1306_fonts.h:407:16: warning: 'Font_6x8' defined but not used [-Wunused-variable]
 static FontDef Font_6x8 = {6,8,Font6x8};
                ^~~~~~~~
In file included from ../Core/Inc/../Libs/NTC_sensor/NTC_sensor.h:11:0,
                 from ../Core/Libs/oled_menu/oled_menu.h:11,
                 from ../Core/Libs/oled_menu/oled_menu.c:8:
../Core/Inc/../Libs/dma_adc_sensor/dma_adc_sensor.h:31:17: warning: 'quantityOfChannels' defined but not used [-Wunused-variable]
 static uint32_t quantityOfChannels;
                 ^~~~~~~~~~~~~~~~~~
arm-none-eabi-gcc "../Core/Libs/encoder/encoder.c" -mcpu=cortex-m4 -std=gnu11 -g3 -DUSE_HAL_DRIVER -DSTM32L452xx -DDEBUG -c -I../Drivers/CMSIS/Include -I../Core/Inc -I../Drivers/CMSIS/Device/ST/STM32L4xx/Include -I../Drivers/STM32L4xx_HAL_Driver/Inc -I../Drivers/STM32L4xx_HAL_Driver/Inc/Legacy -O0 -ffunction-sections -fdata-sections -Wall -fstack-usage -MMD -MP -MF"Core/Libs/encoder/encoder.d" -MT"Core/Libs/encoder/encoder.o" --specs=nano.specs -mfpu=fpv4-sp-d16 -mfloat-abi=hard -mthumb -o "Core/Libs/encoder/encoder.o"
arm-none-eabi-gcc "../Core/Libs/dwt_delay/dwt_delay.c" -mcpu=cortex-m4 -std=gnu11 -g3 -DUSE_HAL_DRIVER -DSTM32L452xx -DDEBUG -c -I../Drivers/CMSIS/Include -I../Core/Inc -I../Drivers/CMSIS/Device/ST/STM32L4xx/Include -I../Drivers/STM32L4xx_HAL_Driver/Inc -I../Drivers/STM32L4xx_HAL_Driver/Inc/Legacy -O0 -ffunction-sections -fdata-sections -Wall -fstack-usage -MMD -MP -MF"Core/Libs/dwt_delay/dwt_delay.d" -MT"Core/Libs/dwt_delay/dwt_delay.o" --specs=nano.specs -mfpu=fpv4-sp-d16 -mfloat-abi=hard -mthumb -o "Core/Libs/dwt_delay/dwt_delay.o"
arm-none-eabi-gcc "../Core/Libs/dma_adc_sensor/dma_adc_sensor.c" -mcpu=cortex-m4 -std=gnu11 -g3 -DUSE_HAL_DRIVER -DSTM32L452xx -DDEBUG -c -I../Drivers/CMSIS/Include -I../Core/Inc -I../Drivers/CMSIS/Device/ST/STM32L4xx/Include -I../Drivers/STM32L4xx_HAL_Driver/Inc -I../Drivers/STM32L4xx_HAL_Driver/Inc/Legacy -O0 -ffunction-sections -fdata-sections -Wall -fstack-usage -MMD -MP -MF"Core/Libs/dma_adc_sensor/dma_adc_sensor.d" -MT"Core/Libs/dma_adc_sensor/dma_adc_sensor.o" --specs=nano.specs -mfpu=fpv4-sp-d16 -mfloat-abi=hard -mthumb -o "Core/Libs/dma_adc_sensor/dma_adc_sensor.o"
../Core/Libs/dwt_delay/dwt_delay.c:23:10: fatal error: stm32f1xx_hal.h: No such file or directory
 #include "stm32f1xx_hal.h"          // change to whatever MCU you use
          ^~~~~~~~~~~~~~~~~
compilation terminated.
make: *** [Core/Libs/dwt_delay/subdir.mk:18: Core/Libs/dwt_delay/dwt_delay.o] Error 1
make: *** Waiting for unfinished jobs....
"make -j4 all" terminated with exit code 2. Build might be incomplete.
